Archive member included to satisfy reference by file (symbol)

e:/siliconlabs/new folder/developer/toolchains/gnu_arm/12.2.rel1_2023.7/bin/../lib/gcc/arm-none-eabi/12.2.1/thumb/v8-m.main+fp/hard\libgcc.a(_aeabi_ldivmod.o)
                              ./gecko_sdk_4.4.3/platform/emlib/src/em_eusart.o (__aeabi_ldivmod)
e:/siliconlabs/new folder/developer/toolchains/gnu_arm/12.2.rel1_2023.7/bin/../lib/gcc/arm-none-eabi/12.2.1/thumb/v8-m.main+fp/hard\libgcc.a(_aeabi_uldivmod.o)
                              ./gecko_sdk_4.4.3/platform/emlib/src/em_eusart.o (__aeabi_uldivmod)
e:/siliconlabs/new folder/developer/toolchains/gnu_arm/12.2.rel1_2023.7/bin/../lib/gcc/arm-none-eabi/12.2.1/thumb/v8-m.main+fp/hard\libgcc.a(_udivmoddi4.o)
                              e:/siliconlabs/new folder/developer/toolchains/gnu_arm/12.2.rel1_2023.7/bin/../lib/gcc/arm-none-eabi/12.2.1/thumb/v8-m.main+fp/hard\libgcc.a(_aeabi_ldivmod.o) (__udivmoddi4)
e:/siliconlabs/new folder/developer/toolchains/gnu_arm/12.2.rel1_2023.7/bin/../lib/gcc/arm-none-eabi/12.2.1/thumb/v8-m.main+fp/hard\libgcc.a(_dvmd_tls.o)
                              e:/siliconlabs/new folder/developer/toolchains/gnu_arm/12.2.rel1_2023.7/bin/../lib/gcc/arm-none-eabi/12.2.1/thumb/v8-m.main+fp/hard\libgcc.a(_aeabi_ldivmod.o) (__aeabi_ldiv0)
e:/siliconlabs/new folder/developer/toolchains/gnu_arm/12.2.rel1_2023.7/bin/../lib/gcc/arm-none-eabi/12.2.1/thumb/v8-m.main+fp/hard\libc_nano.a(libc_a-calloc.o)
                              ./gecko_sdk_4.4.3/util/silicon_labs/silabs_core/memory_manager/sl_malloc.o (calloc)
e:/siliconlabs/new folder/developer/toolchains/gnu_arm/12.2.rel1_2023.7/bin/../lib/gcc/arm-none-eabi/12.2.1/thumb/v8-m.main+fp/hard\libc_nano.a(libc_a-callocr.o)
                              e:/siliconlabs/new folder/developer/toolchains/gnu_arm/12.2.rel1_2023.7/bin/../lib/gcc/arm-none-eabi/12.2.1/thumb/v8-m.main+fp/hard\libc_nano.a(libc_a-calloc.o) (_calloc_r)
e:/siliconlabs/new folder/developer/toolchains/gnu_arm/12.2.rel1_2023.7/bin/../lib/gcc/arm-none-eabi/12.2.1/thumb/v8-m.main+fp/hard\libc_nano.a(libc_a-exit.o)
                              e:/siliconlabs/new folder/developer/toolchains/gnu_arm/12.2.rel1_2023.7/bin/../lib/gcc/arm-none-eabi/12.2.1/thumb/v8-m.main+fp/hard/crt0.o (exit)
e:/siliconlabs/new folder/developer/toolchains/gnu_arm/12.2.rel1_2023.7/bin/../lib/gcc/arm-none-eabi/12.2.1/thumb/v8-m.main+fp/hard\libc_nano.a(libc_a-malloc.o)
                              ./gecko_sdk_4.4.3/util/silicon_labs/silabs_core/memory_manager/sl_malloc.o (malloc)
e:/siliconlabs/new folder/developer/toolchains/gnu_arm/12.2.rel1_2023.7/bin/../lib/gcc/arm-none-eabi/12.2.1/thumb/v8-m.main+fp/hard\libc_nano.a(libc_a-mallocr.o)
                              e:/siliconlabs/new folder/developer/toolchains/gnu_arm/12.2.rel1_2023.7/bin/../lib/gcc/arm-none-eabi/12.2.1/thumb/v8-m.main+fp/hard\libc_nano.a(libc_a-callocr.o) (_malloc_r)
e:/siliconlabs/new folder/developer/toolchains/gnu_arm/12.2.rel1_2023.7/bin/../lib/gcc/arm-none-eabi/12.2.1/thumb/v8-m.main+fp/hard\libc_nano.a(libc_a-mlock.o)
                              e:/siliconlabs/new folder/developer/toolchains/gnu_arm/12.2.rel1_2023.7/bin/../lib/gcc/arm-none-eabi/12.2.1/thumb/v8-m.main+fp/hard\libc_nano.a(libc_a-mallocr.o) (__malloc_lock)
e:/siliconlabs/new folder/developer/toolchains/gnu_arm/12.2.rel1_2023.7/bin/../lib/gcc/arm-none-eabi/12.2.1/thumb/v8-m.main+fp/hard\libc_nano.a(libc_a-realloc.o)
                              ./gecko_sdk_4.4.3/util/silicon_labs/silabs_core/memory_manager/sl_malloc.o (realloc)
e:/siliconlabs/new folder/developer/toolchains/gnu_arm/12.2.rel1_2023.7/bin/../lib/gcc/arm-none-eabi/12.2.1/thumb/v8-m.main+fp/hard\libc_nano.a(libc_a-reallocr.o)
                              e:/siliconlabs/new folder/developer/toolchains/gnu_arm/12.2.rel1_2023.7/bin/../lib/gcc/arm-none-eabi/12.2.1/thumb/v8-m.main+fp/hard\libc_nano.a(libc_a-realloc.o) (_realloc_r)
e:/siliconlabs/new folder/developer/toolchains/gnu_arm/12.2.rel1_2023.7/bin/../lib/gcc/arm-none-eabi/12.2.1/thumb/v8-m.main+fp/hard\libc_nano.a(libc_a-findfp.o)
                              e:/siliconlabs/new folder/developer/toolchains/gnu_arm/12.2.rel1_2023.7/bin/../lib/gcc/arm-none-eabi/12.2.1/thumb/v8-m.main+fp/hard\libc_nano.a(libc_a-exit.o) (__stdio_exit_handler)
e:/siliconlabs/new folder/developer/toolchains/gnu_arm/12.2.rel1_2023.7/bin/../lib/gcc/arm-none-eabi/12.2.1/thumb/v8-m.main+fp/hard\libc_nano.a(libc_a-fwalk.o)
                              e:/siliconlabs/new folder/developer/toolchains/gnu_arm/12.2.rel1_2023.7/bin/../lib/gcc/arm-none-eabi/12.2.1/thumb/v8-m.main+fp/hard\libc_nano.a(libc_a-findfp.o) (_fwalk_sglue)
e:/siliconlabs/new folder/developer/toolchains/gnu_arm/12.2.rel1_2023.7/bin/../lib/gcc/arm-none-eabi/12.2.1/thumb/v8-m.main+fp/hard\libc_nano.a(libc_a-stdio.o)
[...]
Memory Configuration

Name             Origin             Length             Attributes
FLASH            0x08000000         0x00006000         xr
RAM              0x20000004         0x0003fffc         xrw
BOOTLOADER_RESET_REGION 0x20000000         0x00000004         xrw
*default*        0x00000000         0xffffffff

Linker script and memory map

LOAD e:/siliconlabs/new folder/developer/toolchains/gnu_arm/12.2.rel1_2023.7/bin/../lib/gcc/arm-none-eabi/12.2.1/thumb/v8-m.main+fp/hard/crti.o
LOAD e:/siliconlabs/new folder/developer/toolchains/gnu_arm/12.2.rel1_2023.7/bin/../lib/gcc/arm-none-eabi/12.2.1/thumb/v8-m.main+fp/hard/crtbegin.o
LOAD e:/siliconlabs/new folder/developer/toolchains/gnu_arm/12.2.rel1_2023.7/bin/../lib/gcc/arm-none-eabi/12.2.1/thumb/v8-m.main+fp/hard/crt0.o
START GROUP
LOAD ./gecko_sdk_4.4.3/platform/Device/SiliconLabs/EFR32MG24/Source/startup_efr32mg24.o
LOAD ./gecko_sdk_4.4.3/platform/Device/SiliconLabs/EFR32MG24/Source/system_efr32mg24.o
LOAD ./gecko_sdk_4.4.3/platform/bootloader/communication/xmodem-parser/btl_xmodem.o
LOAD ./gecko_sdk_4.4.3/platform/bootloader/communication/xmodem-uart/btl_comm_xmodem.o
LOAD ./gecko_sdk_4.4.3/platform/bootloader/communication/xmodem-uart/btl_comm_xmodem_common.o
LOAD ./gecko_sdk_4.4.3/platform/bootloader/core/btl_bootload.o
LOAD ./gecko_sdk_4.4.3/platform/bootloader/core/btl_core.o
LOAD ./gecko_sdk_4.4.3/platform/bootloader/core/btl_main.o
LOAD ./gecko_sdk_4.4.3/platform/bootloader/core/btl_parse.o
LOAD ./gecko_sdk_4.4.3/platform/bootloader/core/btl_reset.o
LOAD ./gecko_sdk_4.4.3/platform/bootloader/core/flash/btl_internal_flash.o
LOAD ./gecko_sdk_4.4.3/platform/bootloader/debug/btl_debug.o
LOAD ./gecko_sdk_4.4.3/platform/bootloader/debug/btl_debug_swo.o
LOAD ./gecko_sdk_4.4.3/platform/bootloader/driver/btl_driver_delay.o
LOAD ./gecko_sdk_4.4.3/platform/bootloader/driver/btl_driver_uart.o
LOAD ./gecko_sdk_4.4.3/platform/bootloader/driver/btl_driver_util.o
LOAD ./gecko_sdk_4.4.3/platform/bootloader/gpio/gpio-activation/btl_gpio_activation.o
LOAD ./gecko_sdk_4.4.3/platform/bootloader/parser/gbl/btl_gbl_custom_tags.o
LOAD ./gecko_sdk_4.4.3/platform/bootloader/parser/gbl/btl_gbl_format.o
LOAD ./gecko_sdk_4.4.3/platform/bootloader/parser/gbl/btl_gbl_parser.o
LOAD ./gecko_sdk_4.4.3/platform/bootloader/security/btl_crc16.o
LOAD ./gecko_sdk_4.4.3/platform/bootloader/security/btl_crc32.o
LOAD ./gecko_sdk_4.4.3/platform/bootloader/security/btl_security_aes.o
LOAD ./gecko_sdk_4.4.3/platform/bootloader/security/btl_security_ecdsa.o
LOAD ./gecko_sdk_4.4.3/platform/bootloader/security/btl_security_sha256.o
LOAD ./gecko_sdk_4.4.3/platform/bootloader/security/btl_security_tokens.o
LOAD ./gecko_sdk_4.4.3/platform/bootloader/security/ecc/ecc.o
LOAD ./gecko_sdk_4.4.3/platform/bootloader/security/sha/btl_sha256.o
LOAD ./gecko_sdk_4.4.3/platform/bootloader/security/sha/crypto_sha.o
LOAD ./gecko_sdk_4.4.3/platform/bootloader/security/sha/cryptoacc_sha.o
LOAD ./gecko_sdk_4.4.3/platform/bootloader/security/sha/se_sha.o
LOAD ./gecko_sdk_4.4.3/platform/common/src/sl_assert.o
LOAD ./gecko_sdk_4.4.3/platform/common/src/sl_syscalls.o
LOAD ./gecko_sdk_4.4.3/platform/common/toolchain/src/sl_memory.o
LOAD ./gecko_sdk_4.4.3/platform/emlib/src/em_acmp.o
LOAD ./gecko_sdk_4.4.3/platform/emlib/src/em_burtc.o
LOAD ./gecko_sdk_4.4.3/platform/emlib/src/em_cmu.o
LOAD ./gecko_sdk_4.4.3/platform/emlib/src/em_core.o
LOAD ./gecko_sdk_4.4.3/platform/emlib/src/em_dbg.o
LOAD ./gecko_sdk_4.4.3/platform/emlib/src/em_emu.o
LOAD ./gecko_sdk_4.4.3/platform/emlib/src/em_eusart.o
LOAD ./gecko_sdk_4.4.3/platform/emlib/src/em_gpcrc.o
LOAD ./gecko_sdk_4.4.3/platform/emlib/src/em_gpio.o
LOAD ./gecko_sdk_4.4.3/platform/emlib/src/em_i2c.o
LOAD ./gecko_sdk_4.4.3/platform/emlib/src/em_iadc.o
LOAD ./gecko_sdk_4.4.3/platform/emlib/src/em_ldma.o
LOAD ./gecko_sdk_4.4.3/platform/emlib/src/em_letimer.o
LOAD ./gecko_sdk_4.4.3/platform/emlib/src/em_msc.o
LOAD ./gecko_sdk_4.4.3/platform/emlib/src/em_opamp.o
LOAD ./gecko_sdk_4.4.3/platform/emlib/src/em_pcnt.o
LOAD ./gecko_sdk_4.4.3/platform/emlib/src/em_prs.o
LOAD ./gecko_sdk_4.4.3/platform/emlib/src/em_rmu.o
LOAD ./gecko_sdk_4.4.3/platform/emlib/src/em_se.o
LOAD ./gecko_sdk_4.4.3/platform/emlib/src/em_system.o
LOAD ./gecko_sdk_4.4.3/platform/emlib/src/em_timer.o
LOAD ./gecko_sdk_4.4.3/platform/emlib/src/em_usart.o
LOAD ./gecko_sdk_4.4.3/platform/emlib/src/em_vdac.o
LOAD ./gecko_sdk_4.4.3/platform/emlib/src/em_wdog.o
LOAD ./gecko_sdk_4.4.3/platform/security/sl_component/se_manager/src/sl_se_manager.o
LOAD ./gecko_sdk_4.4.3/platform/security/sl_component/se_manager/src/sl_se_manager_attestation.o
LOAD ./gecko_sdk_4.4.3/platform/security/sl_component/se_manager/src/sl_se_manager_cipher.o
LOAD ./gecko_sdk_4.4.3/platform/security/sl_component/se_manager/src/sl_se_manager_entropy.o
LOAD ./gecko_sdk_4.4.3/platform/security/sl_component/se_manager/src/sl_se_manager_hash.o
LOAD ./gecko_sdk_4.4.3/platform/security/sl_component/se_manager/src/sl_se_manager_key_derivation.o
LOAD ./gecko_sdk_4.4.3/platform/security/sl_component/se_manager/src/sl_se_manager_key_handling.o
LOAD ./gecko_sdk_4.4.3/platform/security/sl_component/se_manager/src/sl_se_manager_signature.o
LOAD ./gecko_sdk_4.4.3/platform/security/sl_component/se_manager/src/sl_se_manager_util.o
LOAD ./gecko_sdk_4.4.3/platform/security/sl_component/sl_mbedtls_support/src/se_aes.o
LOAD ./gecko_sdk_4.4.3/platform/security/sl_component/sl_mbedtls_support/src/sl_mbedtls.o
LOAD ./gecko_sdk_4.4.3/platform/security/sl_component/sl_psa_driver/src/sli_psa_driver_common.o
LOAD ./gecko_sdk_4.4.3/platform/security/sl_component/sl_psa_driver/src/sli_psa_driver_init.o
LOAD ./gecko_sdk_4.4.3/platform/security/sl_component/sl_psa_driver/src/sli_se_driver_aead.o
LOAD ./gecko_sdk_4.4.3/platform/security/sl_component/sl_psa_driver/src/sli_se_driver_builtin_keys.o
LOAD ./gecko_sdk_4.4.3/platform/security/sl_component/sl_psa_driver/src/sli_se_driver_cipher.o
LOAD ./gecko_sdk_4.4.3/platform/security/sl_component/sl_psa_driver/src/sli_se_driver_key_derivation.o
LOAD ./gecko_sdk_4.4.3/platform/security/sl_component/sl_psa_driver/src/sli_se_driver_key_management.o
LOAD ./gecko_sdk_4.4.3/platform/security/sl_component/sl_psa_driver/src/sli_se_driver_mac.o
LOAD ./gecko_sdk_4.4.3/platform/security/sl_component/sl_psa_driver/src/sli_se_driver_signature.o
LOAD ./gecko_sdk_4.4.3/platform/security/sl_component/sl_psa_driver/src/sli_se_opaque_driver_aead.o
LOAD ./gecko_sdk_4.4.3/platform/security/sl_component/sl_psa_driver/src/sli_se_opaque_driver_cipher.o
LOAD ./gecko_sdk_4.4.3/platform/security/sl_component/sl_psa_driver/src/sli_se_opaque_driver_mac.o
LOAD ./gecko_sdk_4.4.3/platform/security/sl_component/sl_psa_driver/src/sli_se_opaque_key_derivation.o
LOAD ./gecko_sdk_4.4.3/platform/security/sl_component/sl_psa_driver/src/sli_se_transparent_driver_aead.o
LOAD ./gecko_sdk_4.4.3/platform/security/sl_component/sl_psa_driver/src/sli_se_transparent_driver_cipher.o
LOAD ./gecko_sdk_4.4.3/platform/security/sl_component/sl_psa_driver/src/sli_se_transparent_driver_hash.o
LOAD ./gecko_sdk_4.4.3/platform/security/sl_component/sl_psa_driver/src/sli_se_transparent_driver_mac.o
LOAD ./gecko_sdk_4.4.3/platform/security/sl_component/sl_psa_driver/src/sli_se_transparent_key_derivation.o
LOAD ./gecko_sdk_4.4.3/platform/security/sl_component/sl_psa_driver/src/sli_se_version_dependencies.o
LOAD ./gecko_sdk_4.4.3/platform/service/udelay/src/sl_udelay.o
LOAD ./gecko_sdk_4.4.3/platform/service/udelay/src/sl_udelay_armv6m_gcc.o
LOAD ./gecko_sdk_4.4.3/util/silicon_labs/silabs_core/memory_manager/sl_malloc.o
LOAD ./gecko_sdk_4.4.3/util/third_party/mbedtls/library/aes.o
LOAD ./gecko_sdk_4.4.3/util/third_party/mbedtls/library/constant_time.o
LOAD ./gecko_sdk_4.4.3/util/third_party/mbedtls/library/platform.o
LOAD ./gecko_sdk_4.4.3/util/third_party/mbedtls/library/platform_util.o
LOAD ./gecko_sdk_4.4.3/util/third_party/mbedtls/library/psa_crypto_client.o
LOAD ./gecko_sdk_4.4.3/util/third_party/mbedtls/library/psa_util.o
LOAD ./gecko_sdk_4.4.3/util/third_party/mbedtls/library/threading.o
LOAD ./gecko_sdk_4.4.3/util/third_party/trusted-firmware-m/lib/fih/src/fih.o
LOAD ./gecko_sdk_4.4.3/util/third_party/trusted-firmware-m/platform/ext/target/siliconlabs/hse/sli_se.o
LOAD e:/siliconlabs/new folder/developer/toolchains/gnu_arm/12.2.rel1_2023.7/bin/../lib/gcc/arm-none-eabi/12.2.1/thumb/v8-m.main+fp/hard\libgcc.a
LOAD e:/siliconlabs/new folder/developer/toolchains/gnu_arm/12.2.rel1_2023.7/bin/../lib/gcc/arm-none-eabi/12.2.1/thumb/v8-m.main+fp/hard\libc_nano.a
LOAD e:/siliconlabs/new folder/developer/toolchains/gnu_arm/12.2.rel1_2023.7/bin/../lib/gcc/arm-none-eabi/12.2.1/thumb/v8-m.main+fp/hard\libm.a
LOAD e:/siliconlabs/new folder/developer/toolchains/gnu_arm/12.2.rel1_2023.7/bin/../lib/gcc/arm-none-eabi/12.2.1/thumb/v8-m.main+fp/hard\libnosys.a
END GROUP
START GROUP
LOAD e:/siliconlabs/new folder/developer/toolchains/gnu_arm/12.2.rel1_2023.7/bin/../lib/gcc/arm-none-eabi/12.2.1/thumb/v8-m.main+fp/hard\libgcc.a
LOAD e:/siliconlabs/new folder/developer/toolchains/gnu_arm/12.2.rel1_2023.7/bin/../lib/gcc/arm-none-eabi/12.2.1/thumb/v8-m.main+fp/hard\libc_nano.a
LOAD e:/siliconlabs/new folder/developer/toolchains/gnu_arm/12.2.rel1_2023.7/bin/../lib/gcc/arm-none-eabi/12.2.1/thumb/v8-m.main+fp/hard\libnosys.a
END GROUP
START GROUP
LOAD e:/siliconlabs/new folder/developer/toolchains/gnu_arm/12.2.rel1_2023.7/bin/../lib/gcc/arm-none-eabi/12.2.1/thumb/v8-m.main+fp/hard\libgcc.a
LOAD e:/siliconlabs/new folder/developer/toolchains/gnu_arm/12.2.rel1_2023.7/bin/../lib/gcc/arm-none-eabi/12.2.1/thumb/v8-m.main+fp/hard\libg_nano.a
LOAD e:/siliconlabs/new folder/developer/toolchains/gnu_arm/12.2.rel1_2023.7/bin/../lib/gcc/arm-none-eabi/12.2.1/thumb/v8-m.main+fp/hard\libc_nano.a
END GROUP
START GROUP
LOAD e:/siliconlabs/new folder/developer/toolchains/gnu_arm/12.2.rel1_2023.7/bin/../lib/gcc/arm-none-eabi/12.2.1/thumb/v8-m.main+fp/hard\libgcc.a
LOAD e:/siliconlabs/new folder/developer/toolchains/gnu_arm/12.2.rel1_2023.7/bin/../lib/gcc/arm-none-eabi/12.2.1/thumb/v8-m.main+fp/hard\libc_nano.a
END GROUP
LOAD e:/siliconlabs/new folder/developer/toolchains/gnu_arm/12.2.rel1_2023.7/bin/../lib/gcc/arm-none-eabi/12.2.1/thumb/v8-m.main+fp/hard/crtend.o
LOAD e:/siliconlabs/new folder/developer/toolchains/gnu_arm/12.2.rel1_2023.7/bin/../lib/gcc/arm-none-eabi/12.2.1/thumb/v8-m.main+fp/hard/crtn.o

.text           0x08000000     0x2c60
                0x08000000                linker_vectors_begin = .
 *(.vectors)
 .vectors       0x08000000      0x170 ./gecko_sdk_4.4.3/platform/Device/SiliconLabs/EFR32MG24/Source/startup_efr32mg24.o
                0x08000000                __Vectors
                0x08000170                linker_vectors_end = .
                0x08000170                __Vectors_End = .
                0x08000170                __Vectors_Size = (__Vectors_End - __Vectors)
                0x08000170                linker_code_begin = .
 *(SORT_BY_ALIGNMENT(.text*))
 .text.Reset_Handler
                0x08000170       0x40 ./gecko_sdk_4.4.3/platform/Device/SiliconLabs/EFR32MG24/Source/startup_efr32mg24.o
                0x08000170                Reset_Handler
 .text.deregister_tm_clones
                0x080001b0       0x1c e:/siliconlabs/new folder/developer/toolchains/gnu_arm/12.2.rel1_2023.7/bin/../lib/gcc/arm-none-eabi/12.2.1/thumb/v8-m.main+fp/hard/crtbegin.o
 .text.register_tm_clones
                0x080001cc       0x28 e:/siliconlabs/new folder/developer/toolchains/gnu_arm/12.2.rel1_2023.7/bin/../lib/gcc/arm-none-eabi/12.2.1/thumb/v8-m.main+fp/hard/crtbegin.o
 .text.__do_global_dtors_aux
                0x080001f4       0x28 e:/siliconlabs/new folder/developer/toolchains/gnu_arm/12.2.rel1_2023.7/bin/../lib/gcc/arm-none-eabi/12.2.1/thumb/v8-m.main+fp/hard/crtbegin.o
 .text.frame_dummy
                0x0800021c       0x24 e:/siliconlabs/new folder/developer/toolchains/gnu_arm/12.2.rel1_2023.7/bin/../lib/gcc/arm-none-eabi/12.2.1/thumb/v8-m.main+fp/hard/crtbegin.o
 .text.Copy_Table
                0x08000240       0x28 ./gecko_sdk_4.4.3/platform/Device/SiliconLabs/EFR32MG24/Source/startup_efr32mg24.o
                0x08000240                Copy_Table
 .text.Zero_Table
                0x08000268       0x24 ./gecko_sdk_4.4.3/platform/Device/SiliconLabs/EFR32MG24/Source/startup_efr32mg24.o
                0x08000268                Zero_Table
 .text.CopyRamFuncs
                0x0800028c       0x1c ./gecko_sdk_4.4.3/platform/Device/SiliconLabs/EFR32MG24/Source/startup_efr32mg24.o
                0x0800028c                CopyRamFuncs
 .text.SystemInit
                0x080002a8       0x1c ./gecko_sdk_4.4.3/platform/Device/SiliconLabs/EFR32MG24/Source/system_efr32mg24.o
                0x080002a8                SystemInit
 .text.xmodem_reset
                0x080002c4       0x14 ./gecko_sdk_4.4.3/platform/bootloader/communication/xmodem-parser/btl_xmodem.o
                0x080002c4                xmodem_reset
 .text.xmodem_parsePacket
                0x080002d8       0xbc ./gecko_sdk_4.4.3/platform/bootloader/communication/xmodem-parser/btl_xmodem.o
                0x080002d8                xmodem_parsePacket
 .text.communication_main
                0x08000394       0x10 ./gecko_sdk_4.4.3/platform/bootloader/communication/xmodem-uart/btl_comm_xmodem.o
                0x08000394                communication_main
 .text.bootloader_xmodem_communication_start
                0x080003a4       0x6c ./gecko_sdk_4.4.3/platform/bootloader/communication/xmodem-uart/btl_comm_xmodem_common.o
                0x080003a4                bootloader_xmodem_communication_start
 .text.bootloader_xmodem_communication_main
                0x08000410      0x36c ./gecko_sdk_4.4.3/platform/bootloader/communication/xmodem-uart/btl_comm_xmodem_common.o
                0x08000410                bootloader_xmodem_communication_main
 .text.bootload_bootloaderCallback
                0x0800077c       0x5c ./gecko_sdk_4.4.3/platform/bootloader/core/btl_bootload.o
                0x0800077c                bootload_bootloaderCallback
 .text.bootload_checkApplicationPropertiesMagic
                0x080007d8       0x4c ./gecko_sdk_4.4.3/platform/bootloader/core/btl_bootload.o
                0x080007d8                bootload_checkApplicationPropertiesMagic
 .text.bootload_verifyApplication
                0x08000824       0xfc ./gecko_sdk_4.4.3/platform/bootloader/core/btl_bootload.o
                0x08000824                bootload_verifyApplication
 .text.bootload_commitBootloaderUpgrade
                0x08000920       0x94 ./gecko_sdk_4.4.3/platform/bootloader/core/btl_bootload.o
                0x08000920                bootload_commitBootloaderUpgrade
 .text.bootload_commitSeUpgrade
                0x080009b4       0x6c ./gecko_sdk_4.4.3/platform/bootloader/core/btl_bootload.o
                0x080009b4                bootload_commitSeUpgrade
 .text.bootload_getSeVersion
                0x08000a20       0x50 ./gecko_sdk_4.4.3/platform/bootloader/core/btl_bootload.o
                0x08000a20                bootload_getSeVersion
 .text.bootload_getUpgradeLocation
                0x08000a70        0x8 ./gecko_sdk_4.4.3/platform/bootloader/core/btl_bootload.o
                0x08000a70                bootload_getUpgradeLocation
 .text.btl_getPeripheralList
                0x08000a78       0x1c ./gecko_sdk_4.4.3/platform/bootloader/core/btl_main.o
 .text.SystemInit2
                0x08000a94       0x94 ./gecko_sdk_4.4.3/platform/bootloader/core/btl_main.o
                0x08000a94                SystemInit2
 .text.reset_invalidateResetReason
                0x08000b28       0x10 ./gecko_sdk_4.4.3/platform/bootloader/core/btl_reset.o
                0x08000b28                reset_invalidateResetReason
 .text.reset_resetCounterEnabled
                0x08000b38       0x1c ./gecko_sdk_4.4.3/platform/bootloader/core/btl_reset.o
                0x08000b38                reset_resetCounterEnabled
 .text.reset_setResetReason
                0x08000b54       0x18 ./gecko_sdk_4.4.3/platform/bootloader/core/btl_reset.o
                0x08000b54                reset_setResetReason
 .text.reset_resetWithReason
                0x08000b6c       0x28 ./gecko_sdk_4.4.3/platform/bootloader/core/btl_reset.o
                0x08000b6c                reset_resetWithReason
 .text.reset_classifyReset
                0x08000b94       0x2c ./gecko_sdk_4.4.3/platform/bootloader/core/btl_reset.o
                0x08000b94                reset_classifyReset
 .text.flash_erasePage
                0x08000bc0       0x1c ./gecko_sdk_4.4.3/platform/bootloader/core/flash/btl_internal_flash.o
                0x08000bc0                flash_erasePage
 .text.flash_writeBuffer_dma
                0x08000bdc       0x50 ./gecko_sdk_4.4.3/platform/bootloader/core/flash/btl_internal_flash.o
                0x08000bdc                flash_writeBuffer_dma
 .text.delay_init
                0x08000c2c       0x4c ./gecko_sdk_4.4.3/platform/bootloader/driver/btl_driver_delay.o
                0x08000c2c                delay_init
 .text.delay_milliseconds
                0x08000c78       0x4c ./gecko_sdk_4.4.3/platform/bootloader/driver/btl_driver_delay.o
                0x08000c78                delay_milliseconds
 .text.delay_expired
                0x08000cc4       0x34 ./gecko_sdk_4.4.3/platform/bootloader/driver/btl_driver_delay.o
                0x08000cc4                delay_expired
 .text.uart_init
                0x08000cf8      0x154 ./gecko_sdk_4.4.3/platform/bootloader/driver/btl_driver_uart.o
                0x08000cf8                uart_init
 .text.uart_isTxIdle
                0x08000e4c       0x2c ./gecko_sdk_4.4.3/platform/bootloader/driver/btl_driver_uart.o
                0x08000e4c                uart_isTxIdle
 .text.uart_sendBuffer
                0x08000e78       0x70 ./gecko_sdk_4.4.3/platform/bootloader/driver/btl_driver_uart.o
                0x08000e78                uart_sendBuffer
 .text.uart_sendByte
                0x08000ee8       0x28 ./gecko_sdk_4.4.3/platform/bootloader/driver/btl_driver_uart.o
                0x08000ee8                uart_sendByte
 .text.uart_getRxAvailableBytes
                0x08000f10       0x48 ./gecko_sdk_4.4.3/platform/bootloader/driver/btl_driver_uart.o
                0x08000f10                uart_getRxAvailableBytes
 .text.uart_receiveBuffer
                0x08000f58       0xa4 ./gecko_sdk_4.4.3/platform/bootloader/driver/btl_driver_uart.o
                0x08000f58                uart_receiveBuffer
 .text.uart_flush
                0x08000ffc       0x3c ./gecko_sdk_4.4.3/platform/bootloader/driver/btl_driver_uart.o
                0x08000ffc                uart_flush
 .text.util_getClockFreq
                0x08001038       0x94 ./gecko_sdk_4.4.3/platform/bootloader/driver/btl_driver_util.o
                0x08001038                util_getClockFreq
 .text.gpio_enterBootloader
                0x080010cc       0x68 ./gecko_sdk_4.4.3/platform/bootloader/gpio/gpio-activation/btl_gpio_activation.o
                0x080010cc                gpio_enterBootloader
 .text.gbl_getTagParsingInfoFromTagId
                0x08001134       0x24 ./gecko_sdk_4.4.3/platform/bootloader/parser/gbl/btl_gbl_format.o
                0x08001134                gbl_getTagParsingInfoFromTagId
 .text.gbl_parseHeader
                0x08001158       0x7c ./gecko_sdk_4.4.3/platform/bootloader/parser/gbl/btl_gbl_parser.o
 .text.gbl_writeProgData
                0x080011d4       0xa8 ./gecko_sdk_4.4.3/platform/bootloader/parser/gbl/btl_gbl_parser.o
                0x080011d4                gbl_writeProgData
 .text.parser_init
                0x0800127c       0x74 ./gecko_sdk_4.4.3/platform/bootloader/parser/gbl/btl_gbl_parser.o
                0x0800127c                parser_init
 .text.parser_parse
                0x080012f0      0x6a0 ./gecko_sdk_4.4.3/platform/bootloader/parser/gbl/btl_gbl_parser.o
                0x080012f0                parser_parse
 .text.btl_crc32Stream
                0x08001990       0x30 ./gecko_sdk_4.4.3/platform/bootloader/security/btl_crc32.o
                0x08001990                btl_crc32Stream
 .text.btl_initAesCcm
                0x080019c0       0x58 ./gecko_sdk_4.4.3/platform/bootloader/security/btl_security_aes.o
                0x080019c0                btl_initAesCcm
 .text.btl_verifyEcdsaP256r1
                0x08001a18      0x100 ./gecko_sdk_4.4.3/platform/bootloader/security/btl_security_ecdsa.o
                0x08001a18                btl_verifyEcdsaP256r1
 .text.btl_initSha256
                0x08001b18       0x20 ./gecko_sdk_4.4.3/platform/bootloader/security/btl_security_sha256.o
                0x08001b18                btl_initSha256
 .text.btl_getSignedBootloaderKeyXPtr
                0x08001b38       0x3c ./gecko_sdk_4.4.3/platform/bootloader/security/btl_security_tokens.o
                0x08001b38                btl_getSignedBootloaderKeyXPtr
 .text.btl_getSignedBootloaderKeyYPtr
                0x08001b74       0x3c ./gecko_sdk_4.4.3/platform/bootloader/security/btl_security_tokens.o
                0x08001b74                btl_getSignedBootloaderKeyYPtr
 .text.btl_getImageFileEncryptionKeyPtr
                0x08001bb0        0x8 ./gecko_sdk_4.4.3/platform/bootloader/security/btl_security_tokens.o
                0x08001bb0                btl_getImageFileEncryptionKeyPtr
 .text.sha_x_update
                0x08001bb8       0xbc ./gecko_sdk_4.4.3/platform/bootloader/security/sha/btl_sha256.o
                0x08001bb8                sha_x_update
 .text.sha_x_finish.part.0
                0x08001c74       0x98 ./gecko_sdk_4.4.3/platform/bootloader/security/sha/btl_sha256.o
 .text.sha_x_process
                0x08001d0c       0xa8 ./gecko_sdk_4.4.3/platform/bootloader/security/sha/se_sha.o
                0x08001d0c                sha_x_process
 .text.CMU_ClockEnable
                0x08001db4       0x34 ./gecko_sdk_4.4.3/platform/emlib/src/em_cmu.o
                0x08001db4                CMU_ClockEnable
 .text.GPIO_PinModeSet
                0x08001de8       0x80 ./gecko_sdk_4.4.3/platform/emlib/src/em_gpio.o
                0x08001de8                GPIO_PinModeSet
 .text.mscStatusWait
                0x08001e68       0x54 ./gecko_sdk_4.4.3/platform/emlib/src/em_msc.o
                0x08001e68                mscStatusWait
 .text.MSC_ErasePage
                0x08001ebc       0x50 ./gecko_sdk_4.4.3/platform/emlib/src/em_msc.o
                0x08001ebc                MSC_ErasePage
 .text.MSC_WriteWordDma
                0x08001f0c       0xe0 ./gecko_sdk_4.4.3/platform/emlib/src/em_msc.o
                0x08001f0c                MSC_WriteWordDma
 .text.sli_se_lock_acquire
                0x08001fec       0x10 ./gecko_sdk_4.4.3/platform/security/sl_component/se_manager/src/sl_se_manager.o
                0x08001fec                sli_se_lock_acquire
 .text.sli_se_lock_release
                0x08001ffc       0x10 ./gecko_sdk_4.4.3/platform/security/sl_component/se_manager/src/sl_se_manager.o
                0x08001ffc                sli_se_lock_release
 .text.sli_se_execute_and_wait
                0x0800200c       0x40 ./gecko_sdk_4.4.3/platform/security/sl_component/se_manager/src/sl_se_manager.o
                0x0800200c                sli_se_execute_and_wait
 .text.sl_se_read_pubkey
                0x0800204c       0x70 ./gecko_sdk_4.4.3/platform/security/sl_component/se_manager/src/sl_se_manager_util.o
                0x0800204c                sl_se_read_pubkey
 .text.mbedtls_aes_crypt_ecb
                0x080020bc       0xc8 ./gecko_sdk_4.4.3/platform/security/sl_component/sl_mbedtls_support/src/se_aes.o
                0x080020bc                mbedtls_aes_crypt_ecb
 .text.mbedtls_aes_crypt_ctr
                0x08002184      0x180 ./gecko_sdk_4.4.3/platform/security/sl_component/sl_mbedtls_support/src/se_aes.o
                0x08002184                mbedtls_aes_crypt_ctr
 .text.Default_Handler
                0x08002304        0x2 ./gecko_sdk_4.4.3/platform/Device/SiliconLabs/EFR32MG24/Source/startup_efr32mg24.o
                0x08002304                ULFRCO_IRQHandler
                0x08002304                AHB2AHB1_IRQHandler
                0x08002304                SW2_IRQHandler
                0x08002304                TIMER2_IRQHandler
                0x08002304                DebugMon_Handler
                0x08002304                USART0_TX_IRQHandler
                0x08002304                IADC_IRQHandler
                0x08002304                EUSART0_TX_IRQHandler
                0x08002304                I2C0_IRQHandler
                0x08002304                LFXO_IRQHandler
                0x08002304                SMU_SECURE_IRQHandler
                0x08002304                SysTick_Handler
                0x08002304                SYSRTC_SEQ_IRQHandler
                0x08002304                EMUEFP_IRQHandler
                0x08002304                PendSV_Handler
                0x08002304                NMI_Handler
                0x08002304                SYNTH_IRQHandler
                0x08002304                HOSTMAILBOX_IRQHandler
                0x08002304                HFXO0_IRQHandler
                0x08002304                I2C1_IRQHandler
                0x08002304                WDOG0_IRQHandler
                0x08002304                TIMER3_IRQHandler
                0x08002304                SYSCFG_IRQHandler
                0x08002304                RFECA1_IRQHandler
                0x08002304                EMUDG_IRQHandler
                0x08002304                MSC_IRQHandler
                0x08002304                DPLL0_IRQHandler
                0x08002304                UsageFault_Handler
                0x08002304                WDOG1_IRQHandler
                0x08002304                M33CTI1_IRQHandler
                0x08002304                TIMER4_IRQHandler
                0x08002304                GPIO_EVEN_IRQHandler
                0x08002304                VDAC0_IRQHandler
                0x08002304                LDMA_IRQHandler
                0x08002304                SEMBTX_IRQHandler
                0x08002304                SW0_IRQHandler
                0x08002304                TIMER0_IRQHandler
                0x08002304                MVP_IRQHandler
                0x08002304                LETIMER0_IRQHandler
                0x08002304                EUSART1_RX_IRQHandler
                0x08002304                TIMER1_IRQHandler
                0x08002304                HFRCO0_IRQHandler
                0x08002304                SecureFault_Handler
                0x08002304                BUFC_IRQHandler
                0x08002304                DCDC_IRQHandler
                0x08002304                MODEM_IRQHandler
                0x08002304                Default_Handler
                0x08002304                RAC_SEQ_IRQHandler
                0x08002304                FRC_PRI_IRQHandler
                0x08002304                EMU_IRQHandler
                0x08002304                SW3_IRQHandler
                0x08002304                KERNEL0_IRQHandler
                0x08002304                FRC_IRQHandler
                0x08002304                PCNT0_IRQHandler
                0x08002304                KERNEL1_IRQHandler
                0x08002304                AGC_IRQHandler
                0x08002304                EUSART1_TX_IRQHandler
                0x08002304                KEYSCAN_IRQHandler
                0x08002304                HFRCOEM23_IRQHandler
                0x08002304                BURTC_IRQHandler
                0x08002304                SEMBRX_IRQHandler
                0x08002304                RFECA0_IRQHandler
                0x08002304                LFRCO_IRQHandler
                0x08002304                VDAC1_IRQHandler
                0x08002304                ACMP0_IRQHandler
                0x08002304                USART0_RX_IRQHandler
                0x08002304                MemManage_Handler
                0x08002304                AHB2AHB0_IRQHandler
                0x08002304                SVC_Handler
                0x08002304                SMU_S_PRIVILEGED_IRQHandler
                0x08002304                SW1_IRQHandler
                0x08002304                CMU_IRQHandler
                0x08002304                EUSART0_RX_IRQHandler
                0x08002304                RAC_RSM_IRQHandler
                0x08002304                SETAMPERHOST_IRQHandler
                0x08002304                GPIO_ODD_IRQHandler
                0x08002304                AES_IRQHandler
                0x08002304                M33CTI0_IRQHandler
                0x08002304                ICACHE0_IRQHandler
                0x08002304                SMU_NS_PRIVILEGED_IRQHandler
                0x08002304                FPUEXH_IRQHandler
                0x08002304                PROTIMER_IRQHandler
                0x08002304                ACMP1_IRQHandler
                0x08002304                BusFault_Handler
                0x08002304                MPAHBRAM_IRQHandler
                0x08002304                SYSRTC_APP_IRQHandler
 .text.FlashToRamCopy
                0x08002306       0x16 ./gecko_sdk_4.4.3/platform/Device/SiliconLabs/EFR32MG24/Source/system_efr32mg24.o
                0x08002306                FlashToRamCopy
 .text.communication_init
                0x0800231c        0x4 ./gecko_sdk_4.4.3/platform/bootloader/communication/xmodem-uart/btl_comm_xmodem.o
                0x0800231c                communication_init
 .text.communication_start
                0x08002320        0x4 ./gecko_sdk_4.4.3/platform/bootloader/communication/xmodem-uart/btl_comm_xmodem.o
                0x08002320                communication_start
 .text.communication_shutdown
                0x08002324        0x2 ./gecko_sdk_4.4.3/platform/bootloader/communication/xmodem-uart/btl_comm_xmodem.o
                0x08002324                communication_shutdown
 .text.sendPacket.isra.0
                0x08002326       0x1e ./gecko_sdk_4.4.3/platform/bootloader/communication/xmodem-uart/btl_comm_xmodem_common.o
 .text.bootloader_xmodem_communication_init
                0x08002344        0x4 ./gecko_sdk_4.4.3/platform/bootloader/communication/xmodem-uart/btl_comm_xmodem_common.o
                0x08002344                bootloader_xmodem_communication_init
 .text.SE_readCommandResponse
                0x08002348       0x12 ./gecko_sdk_4.4.3/platform/bootloader/core/btl_bootload.o
 .text.flashData
                0x0800235a       0x44 ./gecko_sdk_4.4.3/platform/bootloader/core/btl_bootload.o
 .text.bootload_applicationCallback
                0x0800239e       0x22 ./gecko_sdk_4.4.3/platform/bootloader/core/btl_bootload.o
                0x0800239e                bootload_applicationCallback
 .text.bootload_checkApplicationPropertiesVersion
                0x080023c0        0xe ./gecko_sdk_4.4.3/platform/bootloader/core/btl_bootload.o
                0x080023c0                bootload_checkApplicationPropertiesVersion
 .text.getSignatureX
                0x080023ce       0x26 ./gecko_sdk_4.4.3/platform/bootloader/core/btl_bootload.o
 .text.bootload_getBootloaderVersion
                0x080023f4        0xa ./gecko_sdk_4.4.3/platform/bootloader/core/btl_bootload.o
                0x080023f4                bootload_getBootloaderVersion
 .text.bootload_checkSeUpgradeVersion
                0x080023fe       0x20 ./gecko_sdk_4.4.3/platform/bootloader/core/btl_bootload.o
                0x080023fe                bootload_checkSeUpgradeVersion
 .text.btl_init
                0x0800241e        0x4 ./gecko_sdk_4.4.3/platform/bootloader/core/btl_core.o
                0x0800241e                btl_init
 .text.btl_deinit
                0x08002422        0x4 ./gecko_sdk_4.4.3/platform/bootloader/core/btl_core.o
                0x08002422                btl_deinit
 .text.bootToApp
                0x08002426       0x14 ./gecko_sdk_4.4.3/platform/bootloader/core/btl_main.o
 .text.HardFault_Handler
                0x0800243a        0x8 ./gecko_sdk_4.4.3/platform/bootloader/core/btl_main.o
                0x0800243a                HardFault_Handler
 .text.startup.main
                0x08002442       0x6c ./gecko_sdk_4.4.3/platform/bootloader/core/btl_main.o
                0x08002442                main
 .text.core_initParser
                0x080024ae       0x30 ./gecko_sdk_4.4.3/platform/bootloader/core/btl_parse.o
                0x080024ae                core_initParser
 .text.core_parseBuffer
                0x080024de       0x30 ./gecko_sdk_4.4.3/platform/bootloader/core/btl_parse.o
                0x080024de                core_parseBuffer
 .text.core_parseImageInfo
                0x0800250e       0x76 ./gecko_sdk_4.4.3/platform/bootloader/core/btl_parse.o
                0x0800250e                core_parseImageInfo
 .text.core_parserContextSize
                0x08002584        0x6 ./gecko_sdk_4.4.3/platform/bootloader/core/btl_parse.o
                0x08002584                core_parserContextSize
 .text.uart_receiveByteTimeout
                0x0800258a       0x14 ./gecko_sdk_4.4.3/platform/bootloader/driver/btl_driver_uart.o
                0x0800258a                uart_receiveByteTimeout
 .text.gbl_storeData
                0x0800259e       0x42 ./gecko_sdk_4.4.3/platform/bootloader/parser/gbl/btl_gbl_parser.o
 .text.gbl_getData
                0x080025e0      0x102 ./gecko_sdk_4.4.3/platform/bootloader/parser/gbl/btl_gbl_parser.o
 .text.btl_crc16
                0x080026e2       0x1e ./gecko_sdk_4.4.3/platform/bootloader/security/btl_crc16.o
                0x080026e2                btl_crc16
 .text.btl_crc16Stream
                0x08002700       0x1a ./gecko_sdk_4.4.3/platform/bootloader/security/btl_crc16.o
                0x08002700                btl_crc16Stream
 .text.btl_processAesCtrData
                0x0800271a       0x22 ./gecko_sdk_4.4.3/platform/bootloader/security/btl_security_aes.o
                0x0800271a                btl_processAesCtrData
 .text.btl_updateSha256
                0x0800273c        0x4 ./gecko_sdk_4.4.3/platform/bootloader/security/btl_security_sha256.o
                0x0800273c                btl_updateSha256
 .text.btl_finalizeSha256
                0x08002740        0x6 ./gecko_sdk_4.4.3/platform/bootloader/security/btl_security_sha256.o
                0x08002740                btl_finalizeSha256
 .text.btl_sha256_init
                0x08002746        0x8 ./gecko_sdk_4.4.3/platform/bootloader/security/sha/btl_sha256.o
                0x08002746                btl_sha256_init
 .text.btl_sha256_starts_ret
                0x0800274e        0xa ./gecko_sdk_4.4.3/platform/bootloader/security/sha/btl_sha256.o
                0x0800274e                btl_sha256_starts_ret
 .text.btl_sha256_update_ret
                0x08002758       0x1a ./gecko_sdk_4.4.3/platform/bootloader/security/sha/btl_sha256.o
                0x08002758                btl_sha256_update_ret
 .text.btl_sha256_finish_ret
                0x08002772        0xe ./gecko_sdk_4.4.3/platform/bootloader/security/sha/btl_sha256.o
                0x08002772                btl_sha256_finish_ret
 .text.CORE_EnterCritical
                0x08002780        0x8 ./gecko_sdk_4.4.3/platform/emlib/src/em_core.o
                0x08002780                CORE_EnterCritical
 .text.CORE_ExitCritical
                0x08002788        0x6 ./gecko_sdk_4.4.3/platform/emlib/src/em_core.o
                0x08002788                CORE_ExitCritical
 .text.BUS_RegMaskedWrite
                0x0800278e       0x1e ./gecko_sdk_4.4.3/platform/emlib/src/em_gpio.o
 .text.SE_addDataInput
                0x080027ac       0x14 ./gecko_sdk_4.4.3/platform/emlib/src/em_se.o
                0x080027ac                SE_addDataInput
 .text.SE_addDataOutput
                0x080027c0       0x14 ./gecko_sdk_4.4.3/platform/emlib/src/em_se.o
                0x080027c0                SE_addDataOutput
 .text.SE_addParameter
                0x080027d4       0x12 ./gecko_sdk_4.4.3/platform/emlib/src/em_se.o
                0x080027d4                SE_addParameter
 .text.SE_executeCommand
                0x080027e6       0x3a ./gecko_sdk_4.4.3/platform/emlib/src/em_se.o
                0x080027e6                SE_executeCommand
 .text.TIMER_SyncWait
                0x08002820        0xe ./gecko_sdk_4.4.3/platform/emlib/src/em_timer.o
                0x08002820                TIMER_SyncWait
 .text.TIMER_Init
                0x0800282e       0x82 ./gecko_sdk_4.4.3/platform/emlib/src/em_timer.o
                0x0800282e                TIMER_Init
 .text.sli_se_to_sl_status
                0x080028b0       0x5c ./gecko_sdk_4.4.3/platform/security/sl_component/se_manager/src/sl_se_manager.o
                0x080028b0                sli_se_to_sl_status
 .text.mbedtls_aes_init
                0x0800290c        0x8 ./gecko_sdk_4.4.3/platform/security/sl_component/sl_mbedtls_support/src/se_aes.o
                0x0800290c                mbedtls_aes_init
 .text.mbedtls_aes_setkey_enc
                0x08002914       0x36 ./gecko_sdk_4.4.3/platform/security/sl_component/sl_mbedtls_support/src/se_aes.o
                0x08002914                mbedtls_aes_setkey_enc
 .text.memcmp   0x0800294a       0x20 e:/siliconlabs/new folder/developer/toolchains/gnu_arm/12.2.rel1_2023.7/bin/../lib/gcc/arm-none-eabi/12.2.1/thumb/v8-m.main+fp/hard\libc_nano.a(libc_a-memcmp.o)
                0x0800294a                memcmp
 .text.memset   0x0800296a       0x10 e:/siliconlabs/new folder/developer/toolchains/gnu_arm/12.2.rel1_2023.7/bin/../lib/gcc/arm-none-eabi/12.2.1/thumb/v8-m.main+fp/hard\libc_nano.a(libc_a-memset.o)
                0x0800296a                memset
 .text.memcpy   0x0800297a       0x1a e:/siliconlabs/new folder/developer/toolchains/gnu_arm/12.2.rel1_2023.7/bin/../lib/gcc/arm-none-eabi/12.2.1/thumb/v8-m.main+fp/hard\libc_nano.a(libc_a-memcpy-stub.o)
                0x0800297a                memcpy
                0x080029a0                . = ALIGN (0x20)
 *fill*         0x08002994        0xc 
                0x080029a0                linker_code_end = .
 *(.init)
 .init          0x080029a0        0x4 e:/siliconlabs/new folder/developer/toolchains/gnu_arm/12.2.rel1_2023.7/bin/../lib/gcc/arm-none-eabi/12.2.1/thumb/v8-m.main+fp/hard/crti.o
                0x080029a0                _init
 .init          0x080029a4        0x8 e:/siliconlabs/new folder/developer/toolchains/gnu_arm/12.2.rel1_2023.7/bin/../lib/gcc/arm-none-eabi/12.2.1/thumb/v8-m.main+fp/hard/crtn.o
 *(.fini)
 .fini          0x080029ac        0x4 e:/siliconlabs/new folder/developer/toolchains/gnu_arm/12.2.rel1_2023.7/bin/../lib/gcc/arm-none-eabi/12.2.1/thumb/v8-m.main+fp/hard/crti.o
                0x080029ac                _fini
 .fini          0x080029b0        0x8 e:/siliconlabs/new folder/developer/toolchains/gnu_arm/12.2.rel1_2023.7/bin/../lib/gcc/arm-none-eabi/12.2.1/thumb/v8-m.main+fp/hard/crtn.o
 *crtbegin.o(.ctors)
 *crtbegin?.o(.ctors)
 *(EXCLUDE_FILE(*crtend.o *crtend?.o) .ctors)
 *(SORT_BY_NAME(.ctors.*))
 *(.ctors)
 *crtbegin.o(.dtors)
 *crtbegin?.o(.dtors)
 *(EXCLUDE_FILE(*crtend.o *crtend?.o) .dtors)
 *(SORT_BY_NAME(.dtors.*))
 *(.dtors)
                0x080029b8                __code_classification_validator_start__ = .
                0x080029d8                . = (. + 0x20)
 *fill*         0x080029b8       0x20 
 *(code_classification_validator)
                0x080029e0                . = ALIGN (0x20)
 *fill*         0x080029d8        0x8 
                0x080029e0                __code_classification_validator_end__ = .
 *(.rodata*)
 .rodata.parseCb.0
                0x080029e0       0x10 ./gecko_sdk_4.4.3/platform/bootloader/communication/xmodem-uart/btl_comm_xmodem.o
 .rodata.bootloader_xmodem_communication_start.str1.1
                0x080029f0       0x47 ./gecko_sdk_4.4.3/platform/bootloader/communication/xmodem-uart/btl_comm_xmodem_common.o
 .rodata.bootError
                0x08002a37       0x13 ./gecko_sdk_4.4.3/platform/bootloader/communication/xmodem-uart/btl_comm_xmodem_common.o
 .rodata.fileError
                0x08002a4a       0x10 ./gecko_sdk_4.4.3/platform/bootloader/communication/xmodem-uart/btl_comm_xmodem_common.o
 .rodata.xmodemError
                0x08002a5a       0x11 ./gecko_sdk_4.4.3/platform/bootloader/communication/xmodem-uart/btl_comm_xmodem_common.o
 .rodata.transferAbortedStr
                0x08002a6b       0x1a ./gecko_sdk_4.4.3/platform/bootloader/communication/xmodem-uart/btl_comm_xmodem_common.o
 .rodata.transferCompleteStr
                0x08002a85       0x1b ./gecko_sdk_4.4.3/platform/bootloader/communication/xmodem-uart/btl_comm_xmodem_common.o
 .rodata.transferInitStr
                0x08002aa0       0x11 ./gecko_sdk_4.4.3/platform/bootloader/communication/xmodem-uart/btl_comm_xmodem_common.o
 .rodata.bootload_checkApplicationPropertiesMagic.str1.1
                0x08002ab1       0x11 ./gecko_sdk_4.4.3/platform/bootloader/core/btl_bootload.o
 *fill*         0x08002ac2        0x2 
 .rodata.sl_app_properties
                0x08002ac4       0x50 ./gecko_sdk_4.4.3/platform/bootloader/core/btl_main.o
                0x08002ac4                sl_app_properties
 .rodata.mainStageTable
                0x08002b14       0x48 ./gecko_sdk_4.4.3/platform/bootloader/core/btl_main.o
                0x08002b14                mainStageTable
 .rodata        0x08002b5c       0x11 ./gecko_sdk_4.4.3/platform/bootloader/driver/btl_driver_util.o
 *fill*         0x08002b6d        0x3 
 .rodata.gblTagParsingInfoStructs
                0x08002b70       0x90 ./gecko_sdk_4.4.3/platform/bootloader/parser/gbl/btl_gbl_format.o
                0x08002b70                gblTagParsingInfoStructs
 .rodata.shax_padding
                0x08002c00       0x40 ./gecko_sdk_4.4.3/platform/bootloader/security/sha/btl_sha256.o
 .rodata.init_state_sha256
                0x08002c40       0x20 ./gecko_sdk_4.4.3/platform/bootloader/security/sha/btl_sha256.o
 *(.eh_frame*)
 .eh_frame      0x08002c60        0x0 e:/siliconlabs/new folder/developer/toolchains/gnu_arm/12.2.rel1_2023.7/bin/../lib/gcc/arm-none-eabi/12.2.1/thumb/v8-m.main+fp/hard/crtbegin.o

.glue_7         0x08002c60        0x0
 .glue_7        0x08002c60        0x0 linker stubs

.glue_7t        0x08002c60        0x0
 .glue_7t       0x08002c60        0x0 linker stubs

.vfp11_veneer   0x08002c60        0x0
 .vfp11_veneer  0x08002c60        0x0 linker stubs

.v4_bx          0x08002c60        0x0
 .v4_bx         0x08002c60        0x0 linker stubs

.iplt           0x08002c60        0x0
 .iplt          0x08002c60        0x0 e:/siliconlabs/new folder/developer/toolchains/gnu_arm/12.2.rel1_2023.7/bin/../lib/gcc/arm-none-eabi/12.2.1/thumb/v8-m.main+fp/hard/crtbegin.o

.rel.dyn        0x08002c60        0x0
 .rel.iplt      0x08002c60        0x0 e:/siliconlabs/new folder/developer/toolchains/gnu_arm/12.2.rel1_2023.7/bin/../lib/gcc/arm-none-eabi/12.2.1/thumb/v8-m.main+fp/hard/crtbegin.o

.gnu.sgstubs    0x08002c60        0x0
                0x08002c60                . = ALIGN (0x20)
                0x08002c60                linker_sg_begin = .
 *(.gnu.sgstubs*)
                0x08002c60                . = ALIGN (0x20)
                0x08002c60                linker_sg_end = (linker_sg_begin + SIZEOF (.gnu.sgstubs))

.ARM.extab
 *(.ARM.extab* .gnu.linkonce.armextab.*)
                0x08002c60                __exidx_start = .

.ARM.exidx
 *(.ARM.exidx* .gnu.linkonce.armexidx.*)
                0x08002c60                __exidx_end = .

.copy.table     0x08002c60        0xc
                0x08002c60                . = ALIGN (0x4)
                0x08002c60                __copy_table_start__ = .
                0x08002c60        0x4 LONG 0x8002c6c __etext
                0x08002c64        0x4 LONG 0x20001010 __data_start__
                0x08002c68        0x4 LONG 0x18 ((__data_end__ - __data_start__) / 0x4)
                0x08002c6c                __copy_table_end__ = .

.zero.table     0x08002c6c        0x0
                0x08002c6c                . = ALIGN (0x4)
                0x08002c6c                __zero_table_start__ = .
                0x08002c6c                __zero_table_end__ = .
                0x08002c6c                __etext = .
                0x20000000                . = ORIGIN (BOOTLOADER_RESET_REGION)

.bootloader_reset_section
                0x20000000        0x0
                0x20000000                __ResetReasonStart__ = .
 *(.bootloader_reset_section)
                0x20000004                . = ORIGIN (RAM)

.stack          0x20000008     0x1000
                0x20000008                __StackLimit = .
 *(.stack*)
 .stack         0x20000008     0x1000 ./gecko_sdk_4.4.3/platform/common/toolchain/src/sl_memory.o
                0x20001008                . = ALIGN (0x4)
                0x20001008                __StackTop = .
                0x20001008                PROVIDE (__stack = __StackTop)

.stackseal      0x20001008        0x8
                0x20001008                __StackSeal = .
                0x20001010                . = (. + 0x8)
 *fill*         0x20001008        0x8 
                0x20001010                . = ALIGN (0x8)

.noinit
 *(.noinit*)

.data           0x20001010       0x60 load address 0x08002c6c
                0x20001010                . = ALIGN (0x4)
                0x20001010                __data_start__ = .
 *(vtable)
 *(SORT_BY_ALIGNMENT(.data*))
 .data.ldmaRxDesc
                0x20001010       0x40 ./gecko_sdk_4.4.3/platform/bootloader/driver/btl_driver_uart.o
 .data.ldmaTxDesc
                0x20001050       0x10 ./gecko_sdk_4.4.3/platform/bootloader/driver/btl_driver_uart.o
 .data.sl_uart_init_inst
                0x20001060        0x8 ./gecko_sdk_4.4.3/platform/bootloader/driver/btl_driver_uart.o
                0x20001060                sl_uart_init_inst
                0x20001068                . = ALIGN (0x4)
                [!provide]                PROVIDE (__ram_func_section_start = .)
 *(.ram)
                [!provide]                PROVIDE (__ram_func_section_end = .)
                0x20001068                . = ALIGN (0x4)
                0x20001068                PROVIDE (__preinit_array_start = .)
 *(.preinit_array)
                0x20001068                PROVIDE (__preinit_array_end = .)
                0x20001068                . = ALIGN (0x4)
                0x20001068                PROVIDE (__init_array_start = .)
 *(SORT_BY_NAME(.init_array.*))
 *(.init_array)
 .init_array    0x20001068        0x4 e:/siliconlabs/new folder/developer/toolchains/gnu_arm/12.2.rel1_2023.7/bin/../lib/gcc/arm-none-eabi/12.2.1/thumb/v8-m.main+fp/hard/crtbegin.o
                0x2000106c                PROVIDE (__init_array_end = .)
                0x2000106c                . = ALIGN (0x4)
                [!provide]                PROVIDE (__fini_array_start = .)
 *(SORT_BY_NAME(.fini_array.*))
 *(.fini_array)
 .fini_array    0x2000106c        0x4 e:/siliconlabs/new folder/developer/toolchains/gnu_arm/12.2.rel1_2023.7/bin/../lib/gcc/arm-none-eabi/12.2.1/thumb/v8-m.main+fp/hard/crtbegin.o
                [!provide]                PROVIDE (__fini_array_end = .)
                0x20001070                . = ALIGN (0x4)
                0x20001070                __data_end__ = .
                0x08002ccc                __rom_end__ = (__etext + SIZEOF (.data))

.tm_clone_table
                0x20001070        0x0 load address 0x08002ccc
 .tm_clone_table
                0x20001070        0x0 e:/siliconlabs/new folder/developer/toolchains/gnu_arm/12.2.rel1_2023.7/bin/../lib/gcc/arm-none-eabi/12.2.1/thumb/v8-m.main+fp/hard/crtbegin.o
 .tm_clone_table
                0x20001070        0x0 e:/siliconlabs/new folder/developer/toolchains/gnu_arm/12.2.rel1_2023.7/bin/../lib/gcc/arm-none-eabi/12.2.1/thumb/v8-m.main+fp/hard/crtend.o

.igot.plt       0x20001070        0x0 load address 0x08002ccc
 .igot.plt      0x20001070        0x0 e:/siliconlabs/new folder/developer/toolchains/gnu_arm/12.2.rel1_2023.7/bin/../lib/gcc/arm-none-eabi/12.2.1/thumb/v8-m.main+fp/hard/crtbegin.o

.bss            0x20001070      0x2d4 load address 0x08002ccc
                0x20001070                . = ALIGN (0x4)
                0x20001070                __bss_start__ = .
 *(SORT_BY_ALIGNMENT(.bss*))
 .bss.object.0  0x20001070       0x18 e:/siliconlabs/new folder/developer/toolchains/gnu_arm/12.2.rel1_2023.7/bin/../lib/gcc/arm-none-eabi/12.2.1/thumb/v8-m.main+fp/hard/crtbegin.o
 .bss.imageProps.1
                0x20001088       0x2c ./gecko_sdk_4.4.3/platform/bootloader/communication/xmodem-uart/btl_comm_xmodem.o
 .bss.ticksPerMillisecond
                0x200010b4        0x4 ./gecko_sdk_4.4.3/platform/bootloader/driver/btl_driver_delay.o
 .bss.rxHead    0x200010b8        0x4 ./gecko_sdk_4.4.3/platform/bootloader/driver/btl_driver_uart.o
 .bss.delayTarget
                0x200010bc        0x2 ./gecko_sdk_4.4.3/platform/bootloader/driver/btl_driver_delay.o
 .bss.completed.1
                0x200010be        0x1 e:/siliconlabs/new folder/developer/toolchains/gnu_arm/12.2.rel1_2023.7/bin/../lib/gcc/arm-none-eabi/12.2.1/thumb/v8-m.main+fp/hard/crtbegin.o
 .bss.started   0x200010bf        0x1 ./gecko_sdk_4.4.3/platform/bootloader/communication/xmodem-parser/btl_xmodem.o
 .bss.packetNumber
                0x200010c0        0x1 ./gecko_sdk_4.4.3/platform/bootloader/communication/xmodem-parser/btl_xmodem.o
 .bss.expectOverflow
                0x200010c1        0x1 ./gecko_sdk_4.4.3/platform/bootloader/driver/btl_driver_delay.o
 .bss.txBuffer  0x200010c2       0x80 ./gecko_sdk_4.4.3/platform/bootloader/driver/btl_driver_uart.o
 .bss.rxBuffer  0x20001142      0x200 ./gecko_sdk_4.4.3/platform/bootloader/driver/btl_driver_uart.o
 *(COMMON)
                0x20001344                . = ALIGN (0x4)
 *fill*         0x20001342        0x2 
                0x20001344                __bss_end__ = .
                0x20001344                __ramfuncs_start__ = .
                0x20001344                __vma_ramfuncs_start__ = .
                0x08002ccc                __lma_ramfuncs_start__ = (__etext + SIZEOF (.data))
                0x00000000                __text_application_ram_offset__ = (. - __vma_ramfuncs_start__)

text_application_ram
                0x20001344        0x0 load address 0x08002ccc
                0x20001344                . = ALIGN (0x4)
                0x20001344                __text_application_ram_start__ = .
 *(text_application_ram)
                0x20001344                . = ALIGN (0x4)
                0x20001344                __text_application_ram_end__ = .
                0x20001344                . = ALIGN (0x4)
                0x20001344                __vma_ramfuncs_end__ = .
                0x08002ccc                __lma_ramfuncs_end__ = ((__lma_ramfuncs_start__ + __text_application_ram_offset__) + SIZEOF (text_application_ram))
                0x20001344                __ramfuncs_end__ = .

.heap           0x20001348      0x800
                0x20001348                __HeapBase = .
                0x20001348                __end__ = .
                0x20001348                end = __end__
                0x20001348                _end = __end__
 *(.heap*)
 .heap          0x20001348      0x800 ./gecko_sdk_4.4.3/platform/common/toolchain/src/sl_memory.o
                0x20040000                __HeapLimit = (ORIGIN (RAM) + LENGTH (RAM))
                0x0003ecb8                __heap_size = (__HeapLimit - __HeapBase)
                0x20040000                __ram_end__ = 0x20040000
                0x0817e000                __main_flash_end__ = 0x817e000

.internal_storage
 *(.internal_storage*)
                0x0817e000                linker_storage_end = __main_flash_end__
                0x0817e000                linker_storage_begin = (linker_storage_end - SIZEOF (.internal_storage))
                0x00000000                linker_storage_size = SIZEOF (.internal_storage)
                0x00000020                _app_rollback_protection_size = 0x20
                0x00000001                ASSERT (((((ORIGIN (FLASH) + LENGTH (FLASH)) - 0x40) - _app_rollback_protection_size) >= (__etext + SIZEOF (.data))), FLASH memory overflowed !)
OUTPUT(bootloader-uart-xmodem-xg24.axf elf32-littlearm)
LOAD linker stubs

.ARM.attributes
                0x00000000       0x36
 .ARM.attributes
                0x00000000       0x26 e:/siliconlabs/new folder/developer/toolchains/gnu_arm/12.2.rel1_2023.7/bin/../lib/gcc/arm-none-eabi/12.2.1/thumb/v8-m.main+fp/hard/crti.o
 .ARM.attributes
                0x00000026       0x38 e:/siliconlabs/new folder/developer/toolchains/gnu_arm/12.2.rel1_2023.7/bin/../lib/gcc/arm-none-eabi/12.2.1/thumb/v8-m.main+fp/hard/crtbegin.o
 .ARM.attributes
                0x0000005e       0x3a ./gecko_sdk_4.4.3/platform/Device/SiliconLabs/EFR32MG24/Source/startup_efr32mg24.o
 .ARM.attributes
                0x00000098       0x3a ./gecko_sdk_4.4.3/platform/Device/SiliconLabs/EFR32MG24/Source/system_efr32mg24.o
 .ARM.attributes
                0x000000d2       0x3a ./gecko_sdk_4.4.3/platform/bootloader/communication/xmodem-parser/btl_xmodem.o
 .ARM.attributes
                0x0000010c       0x3a ./gecko_sdk_4.4.3/platform/bootloader/communication/xmodem-uart/btl_comm_xmodem.o
 .ARM.attributes
                0x00000146       0x3a ./gecko_sdk_4.4.3/platform/bootloader/communication/xmodem-uart/btl_comm_xmodem_common.o
 .ARM.attributes
                0x00000180       0x3a ./gecko_sdk_4.4.3/platform/bootloader/core/btl_bootload.o
 .ARM.attributes
                0x000001ba       0x3a ./gecko_sdk_4.4.3/platform/bootloader/core/btl_core.o
 .ARM.attributes
                0x000001f4       0x3a ./gecko_sdk_4.4.3/platform/bootloader/core/btl_main.o
 .ARM.attributes
                0x0000022e       0x3a ./gecko_sdk_4.4.3/platform/bootloader/core/btl_parse.o
 .ARM.attributes
                0x00000268       0x3a ./gecko_sdk_4.4.3/platform/bootloader/core/btl_reset.o
 .ARM.attributes
                0x000002a2       0x3a ./gecko_sdk_4.4.3/platform/bootloader/core/flash/btl_internal_flash.o
 .ARM.attributes
                0x000002dc       0x3a ./gecko_sdk_4.4.3/platform/bootloader/driver/btl_driver_delay.o
 .ARM.attributes
                0x00000316       0x3a ./gecko_sdk_4.4.3/platform/bootloader/driver/btl_driver_uart.o
 .ARM.attributes
                0x00000350       0x3a ./gecko_sdk_4.4.3/platform/bootloader/driver/btl_driver_util.o
 .ARM.attributes
                0x0000038a       0x3a ./gecko_sdk_4.4.3/platform/bootloader/gpio/gpio-activation/btl_gpio_activation.o
 .ARM.attributes
                0x000003c4       0x3a ./gecko_sdk_4.4.3/platform/bootloader/parser/gbl/btl_gbl_format.o
 .ARM.attributes
                0x000003fe       0x3a ./gecko_sdk_4.4.3/platform/bootloader/parser/gbl/btl_gbl_parser.o
 .ARM.attributes
                0x00000438       0x3a ./gecko_sdk_4.4.3/platform/bootloader/security/btl_crc16.o
 .ARM.attributes
                0x00000472       0x3a ./gecko_sdk_4.4.3/platform/bootloader/security/btl_crc32.o
 .ARM.attributes
                0x000004ac       0x3a ./gecko_sdk_4.4.3/platform/bootloader/security/btl_security_aes.o
 .ARM.attributes
                0x000004e6       0x3a ./gecko_sdk_4.4.3/platform/bootloader/security/btl_security_ecdsa.o
 .ARM.attributes
                0x00000520       0x3a ./gecko_sdk_4.4.3/platform/bootloader/security/btl_security_sha256.o
 .ARM.attributes
                0x0000055a       0x3a ./gecko_sdk_4.4.3/platform/bootloader/security/btl_security_tokens.o
 .ARM.attributes
                0x00000594       0x3a ./gecko_sdk_4.4.3/platform/bootloader/security/sha/btl_sha256.o
 .ARM.attributes
                0x000005ce       0x3a ./gecko_sdk_4.4.3/platform/bootloader/security/sha/se_sha.o
 .ARM.attributes
                0x00000608       0x3a ./gecko_sdk_4.4.3/platform/common/toolchain/src/sl_memory.o
 .ARM.attributes
                0x00000642       0x3a ./gecko_sdk_4.4.3/platform/emlib/src/em_cmu.o
 .ARM.attributes
                0x0000067c       0x3a ./gecko_sdk_4.4.3/platform/emlib/src/em_core.o
 .ARM.attributes
                0x000006b6       0x3a ./gecko_sdk_4.4.3/platform/emlib/src/em_gpio.o
 .ARM.attributes
                0x000006f0       0x3a ./gecko_sdk_4.4.3/platform/emlib/src/em_msc.o
 .ARM.attributes
                0x0000072a       0x3a ./gecko_sdk_4.4.3/platform/emlib/src/em_se.o
 .ARM.attributes
                0x00000764       0x3a ./gecko_sdk_4.4.3/platform/emlib/src/em_timer.o
 .ARM.attributes
                0x0000079e       0x3a ./gecko_sdk_4.4.3/platform/security/sl_component/se_manager/src/sl_se_manager.o
 .ARM.attributes
                0x000007d8       0x3a ./gecko_sdk_4.4.3/platform/security/sl_component/se_manager/src/sl_se_manager_util.o
 .ARM.attributes
                0x00000812       0x3a ./gecko_sdk_4.4.3/platform/security/sl_component/sl_mbedtls_support/src/se_aes.o
 .ARM.attributes
                0x0000084c       0x38 e:/siliconlabs/new folder/developer/toolchains/gnu_arm/12.2.rel1_2023.7/bin/../lib/gcc/arm-none-eabi/12.2.1/thumb/v8-m.main+fp/hard\libc_nano.a(libc_a-memcmp.o)
 .ARM.attributes
                0x00000884       0x38 e:/siliconlabs/new folder/developer/toolchains/gnu_arm/12.2.rel1_2023.7/bin/../lib/gcc/arm-none-eabi/12.2.1/thumb/v8-m.main+fp/hard\libc_nano.a(libc_a-memset.o)
 .ARM.attributes
                0x000008bc       0x38 e:/siliconlabs/new folder/developer/toolchains/gnu_arm/12.2.rel1_2023.7/bin/../lib/gcc/arm-none-eabi/12.2.1/thumb/v8-m.main+fp/hard\libc_nano.a(libc_a-memcpy-stub.o)
 .ARM.attributes
                0x000008f4       0x38 e:/siliconlabs/new folder/developer/toolchains/gnu_arm/12.2.rel1_2023.7/bin/../lib/gcc/arm-none-eabi/12.2.1/thumb/v8-m.main+fp/hard/crtend.o
 .ARM.attributes
                0x0000092c       0x26 e:/siliconlabs/new folder/developer/toolchains/gnu_arm/12.2.rel1_2023.7/bin/../lib/gcc/arm-none-eabi/12.2.1/thumb/v8-m.main+fp/hard/crtn.o

.comment        0x00000000       0x45
 .comment       0x00000000       0x45 ./gecko_sdk_4.4.3/platform/Device/SiliconLabs/EFR32MG24/Source/startup_efr32mg24.o
                                 0x46 (size before relaxing)
 .comment       0x00000045       0x46 ./gecko_sdk_4.4.3/platform/Device/SiliconLabs/EFR32MG24/Source/system_efr32mg24.o
 .comment       0x00000045       0x46 ./gecko_sdk_4.4.3/platform/bootloader/communication/xmodem-parser/btl_xmodem.o
 .comment       0x00000045       0x46 ./gecko_sdk_4.4.3/platform/bootloader/communication/xmodem-uart/btl_comm_xmodem.o
 .comment       0x00000045       0x46 ./gecko_sdk_4.4.3/platform/bootloader/communication/xmodem-uart/btl_comm_xmodem_common.o
 .comment       0x00000045       0x46 ./gecko_sdk_4.4.3/platform/bootloader/core/btl_bootload.o
 .comment       0x00000045       0x46 ./gecko_sdk_4.4.3/platform/bootloader/core/btl_core.o
 .comment       0x00000045       0x46 ./gecko_sdk_4.4.3/platform/bootloader/core/btl_main.o
 .comment       0x00000045       0x46 ./gecko_sdk_4.4.3/platform/bootloader/core/btl_parse.o
 .comment       0x00000045       0x46 ./gecko_sdk_4.4.3/platform/bootloader/core/btl_reset.o
 .comment       0x00000045       0x46 ./gecko_sdk_4.4.3/platform/bootloader/core/flash/btl_internal_flash.o
 .comment       0x00000045       0x46 ./gecko_sdk_4.4.3/platform/bootloader/driver/btl_driver_delay.o
 .comment       0x00000045       0x46 ./gecko_sdk_4.4.3/platform/bootloader/driver/btl_driver_uart.o
 .comment       0x00000045       0x46 ./gecko_sdk_4.4.3/platform/bootloader/driver/btl_driver_util.o
 .comment       0x00000045       0x46 ./gecko_sdk_4.4.3/platform/bootloader/gpio/gpio-activation/btl_gpio_activation.o
 .comment       0x00000045       0x46 ./gecko_sdk_4.4.3/platform/bootloader/parser/gbl/btl_gbl_format.o
 .comment       0x00000045       0x46 ./gecko_sdk_4.4.3/platform/bootloader/parser/gbl/btl_gbl_parser.o
 .comment       0x00000045       0x46 ./gecko_sdk_4.4.3/platform/bootloader/security/btl_crc16.o
 .comment       0x00000045       0x46 ./gecko_sdk_4.4.3/platform/bootloader/security/btl_crc32.o
 .comment       0x00000045       0x46 ./gecko_sdk_4.4.3/platform/bootloader/security/btl_security_aes.o
 .comment       0x00000045       0x46 ./gecko_sdk_4.4.3/platform/bootloader/security/btl_security_ecdsa.o
 .comment       0x00000045       0x46 ./gecko_sdk_4.4.3/platform/bootloader/security/btl_security_sha256.o
 .comment       0x00000045       0x46 ./gecko_sdk_4.4.3/platform/bootloader/security/btl_security_tokens.o
 .comment       0x00000045       0x46 ./gecko_sdk_4.4.3/platform/bootloader/security/sha/btl_sha256.o
 .comment       0x00000045       0x46 ./gecko_sdk_4.4.3/platform/bootloader/security/sha/se_sha.o
 .comment       0x00000045       0x46 ./gecko_sdk_4.4.3/platform/common/toolchain/src/sl_memory.o
 .comment       0x00000045       0x46 ./gecko_sdk_4.4.3/platform/emlib/src/em_cmu.o
 .comment       0x00000045       0x46 ./gecko_sdk_4.4.3/platform/emlib/src/em_core.o
 .comment       0x00000045       0x46 ./gecko_sdk_4.4.3/platform/emlib/src/em_gpio.o
 .comment       0x00000045       0x46 ./gecko_sdk_4.4.3/platform/emlib/src/em_msc.o
 .comment       0x00000045       0x46 ./gecko_sdk_4.4.3/platform/emlib/src/em_se.o
 .comment       0x00000045       0x46 ./gecko_sdk_4.4.3/platform/emlib/src/em_timer.o
 .comment       0x00000045       0x46 ./gecko_sdk_4.4.3/platform/security/sl_component/se_manager/src/sl_se_manager.o
 .comment       0x00000045       0x46 ./gecko_sdk_4.4.3/platform/security/sl_component/se_manager/src/sl_se_manager_util.o
 .comment       0x00000045       0x46 ./gecko_sdk_4.4.3/platform/security/sl_component/sl_mbedtls_support/src/se_aes.o

.debug_info     0x00000000    0x39132
 .debug_info    0x00000000      0xbc4 ./gecko_sdk_4.4.3/platform/Device/SiliconLabs/EFR32MG24/Source/startup_efr32mg24.o
 .debug_info    0x00000bc4     0x175a ./gecko_sdk_4.4.3/platform/Device/SiliconLabs/EFR32MG24/Source/system_efr32mg24.o
 .debug_info    0x0000231e      0x259 ./gecko_sdk_4.4.3/platform/bootloader/communication/xmodem-parser/btl_xmodem.o
 .debug_info    0x00002577      0x3ab ./gecko_sdk_4.4.3/platform/bootloader/communication/xmodem-uart/btl_comm_xmodem.o
 .debug_info    0x00002922     0x1413 ./gecko_sdk_4.4.3/platform/bootloader/communication/xmodem-uart/btl_comm_xmodem_common.o
 .debug_info    0x00003d35     0x30e9 ./gecko_sdk_4.4.3/platform/bootloader/core/btl_bootload.o
 .debug_info    0x00006e1e       0xed ./gecko_sdk_4.4.3/platform/bootloader/core/btl_core.o
 .debug_info    0x00006f0b     0x215b ./gecko_sdk_4.4.3/platform/bootloader/core/btl_main.o
 .debug_info    0x00009066      0xbe7 ./gecko_sdk_4.4.3/platform/bootloader/core/btl_parse.o
 .debug_info    0x00009c4d      0x75c ./gecko_sdk_4.4.3/platform/bootloader/core/btl_reset.o
 .debug_info    0x0000a3a9     0x1284 ./gecko_sdk_4.4.3/platform/bootloader/core/flash/btl_internal_flash.o
 .debug_info    0x0000b62d     0x1936 ./gecko_sdk_4.4.3/platform/bootloader/driver/btl_driver_delay.o
 .debug_info    0x0000cf63     0x451f ./gecko_sdk_4.4.3/platform/bootloader/driver/btl_driver_uart.o
 .debug_info    0x00011482     0x2d42 ./gecko_sdk_4.4.3/platform/bootloader/driver/btl_driver_util.o
 .debug_info    0x000141c4     0x25ad ./gecko_sdk_4.4.3/platform/bootloader/gpio/gpio-activation/btl_gpio_activation.o
 .debug_info    0x00016771      0x257 ./gecko_sdk_4.4.3/platform/bootloader/parser/gbl/btl_gbl_format.o
 .debug_info    0x000169c8     0x2574 ./gecko_sdk_4.4.3/platform/bootloader/parser/gbl/btl_gbl_parser.o
 .debug_info    0x00018f3c      0x173 ./gecko_sdk_4.4.3/platform/bootloader/security/btl_crc16.o
 .debug_info    0x000190af     0x11fb ./gecko_sdk_4.4.3/platform/bootloader/security/btl_crc32.o
 .debug_info    0x0001a2aa     0x14a4 ./gecko_sdk_4.4.3/platform/bootloader/security/btl_security_aes.o
 .debug_info    0x0001b74e     0x129e ./gecko_sdk_4.4.3/platform/bootloader/security/btl_security_ecdsa.o
 .debug_info    0x0001c9ec     0x118f ./gecko_sdk_4.4.3/platform/bootloader/security/btl_security_sha256.o
 .debug_info    0x0001db7b     0x111f ./gecko_sdk_4.4.3/platform/bootloader/security/btl_security_tokens.o
 .debug_info    0x0001ec9a      0x8ef ./gecko_sdk_4.4.3/platform/bootloader/security/sha/btl_sha256.o
 .debug_info    0x0001f589     0x1248 ./gecko_sdk_4.4.3/platform/bootloader/security/sha/se_sha.o
 .debug_info    0x000207d1      0x205 ./gecko_sdk_4.4.3/platform/common/toolchain/src/sl_memory.o
 .debug_info    0x000209d6     0x9eb3 ./gecko_sdk_4.4.3/platform/emlib/src/em_cmu.o
 .debug_info    0x0002a889     0x10c5 ./gecko_sdk_4.4.3/platform/emlib/src/em_core.o
 .debug_info    0x0002b94e     0x273a ./gecko_sdk_4.4.3/platform/emlib/src/em_gpio.o
 .debug_info    0x0002e088     0x34e2 ./gecko_sdk_4.4.3/platform/emlib/src/em_msc.o
 .debug_info    0x0003156a     0x115d ./gecko_sdk_4.4.3/platform/emlib/src/em_se.o
 .debug_info    0x000326c7     0x2d85 ./gecko_sdk_4.4.3/platform/emlib/src/em_timer.o
 .debug_info    0x0003544c     0x148c ./gecko_sdk_4.4.3/platform/security/sl_component/se_manager/src/sl_se_manager.o
 .debug_info    0x000368d8     0x1d55 ./gecko_sdk_4.4.3/platform/security/sl_component/se_manager/src/sl_se_manager_util.o
 .debug_info    0x0003862d      0xb05 ./gecko_sdk_4.4.3/platform/security/sl_component/sl_mbedtls_support/src/se_aes.o

.debug_abbrev   0x00000000     0x5878
 .debug_abbrev  0x00000000      0x296 ./gecko_sdk_4.4.3/platform/Device/SiliconLabs/EFR32MG24/Source/startup_efr32mg24.o
 .debug_abbrev  0x00000296      0x2b0 ./gecko_sdk_4.4.3/platform/Device/SiliconLabs/EFR32MG24/Source/system_efr32mg24.o
 .debug_abbrev  0x00000546      0x13f ./gecko_sdk_4.4.3/platform/bootloader/communication/xmodem-parser/btl_xmodem.o
 .debug_abbrev  0x00000685      0x195 ./gecko_sdk_4.4.3/platform/bootloader/communication/xmodem-uart/btl_comm_xmodem.o
 .debug_abbrev  0x0000081a      0x386 ./gecko_sdk_4.4.3/platform/bootloader/communication/xmodem-uart/btl_comm_xmodem_common.o
 .debug_abbrev  0x00000ba0      0x4dd ./gecko_sdk_4.4.3/platform/bootloader/core/btl_bootload.o
 .debug_abbrev  0x0000107d       0x8f ./gecko_sdk_4.4.3/platform/bootloader/core/btl_core.o
 .debug_abbrev  0x0000110c      0x3e3 ./gecko_sdk_4.4.3/platform/bootloader/core/btl_main.o
 .debug_abbrev  0x000014ef      0x226 ./gecko_sdk_4.4.3/platform/bootloader/core/btl_parse.o
 .debug_abbrev  0x00001715      0x210 ./gecko_sdk_4.4.3/platform/bootloader/core/btl_reset.o
 .debug_abbrev  0x00001925      0x1c9 ./gecko_sdk_4.4.3/platform/bootloader/core/flash/btl_internal_flash.o
 .debug_abbrev  0x00001aee      0x21a ./gecko_sdk_4.4.3/platform/bootloader/driver/btl_driver_delay.o
 .debug_abbrev  0x00001d08      0x3c5 ./gecko_sdk_4.4.3/platform/bootloader/driver/btl_driver_uart.o
 .debug_abbrev  0x000020cd      0x158 ./gecko_sdk_4.4.3/platform/bootloader/driver/btl_driver_util.o
 .debug_abbrev  0x00002225      0x213 ./gecko_sdk_4.4.3/platform/bootloader/gpio/gpio-activation/btl_gpio_activation.o
 .debug_abbrev  0x00002438      0x10a ./gecko_sdk_4.4.3/platform/bootloader/parser/gbl/btl_gbl_format.o
 .debug_abbrev  0x00002542      0x495 ./gecko_sdk_4.4.3/platform/bootloader/parser/gbl/btl_gbl_parser.o
 .debug_abbrev  0x000029d7       0xb8 ./gecko_sdk_4.4.3/platform/bootloader/security/btl_crc16.o
 .debug_abbrev  0x00002a8f       0xd0 ./gecko_sdk_4.4.3/platform/bootloader/security/btl_crc32.o
 .debug_abbrev  0x00002b5f      0x230 ./gecko_sdk_4.4.3/platform/bootloader/security/btl_security_aes.o
 .debug_abbrev  0x00002d8f      0x1c1 ./gecko_sdk_4.4.3/platform/bootloader/security/btl_security_ecdsa.o
 .debug_abbrev  0x00002f50      0x1f9 ./gecko_sdk_4.4.3/platform/bootloader/security/btl_security_sha256.o
 .debug_abbrev  0x00003149      0x1a8 ./gecko_sdk_4.4.3/platform/bootloader/security/btl_security_tokens.o
 .debug_abbrev  0x000032f1      0x29e ./gecko_sdk_4.4.3/platform/bootloader/security/sha/btl_sha256.o
 .debug_abbrev  0x0000358f      0x1e4 ./gecko_sdk_4.4.3/platform/bootloader/security/sha/se_sha.o
 .debug_abbrev  0x00003773      0x11e ./gecko_sdk_4.4.3/platform/common/toolchain/src/sl_memory.o
 .debug_abbrev  0x00003891      0x583 ./gecko_sdk_4.4.3/platform/emlib/src/em_cmu.o
 .debug_abbrev  0x00003e14      0x375 ./gecko_sdk_4.4.3/platform/emlib/src/em_core.o
 .debug_abbrev  0x00004189      0x392 ./gecko_sdk_4.4.3/platform/emlib/src/em_gpio.o
 .debug_abbrev  0x0000451b      0x383 ./gecko_sdk_4.4.3/platform/emlib/src/em_msc.o
 .debug_abbrev  0x0000489e      0x2e9 ./gecko_sdk_4.4.3/platform/emlib/src/em_se.o
 .debug_abbrev  0x00004b87      0x354 ./gecko_sdk_4.4.3/platform/emlib/src/em_timer.o
 .debug_abbrev  0x00004edb      0x36d ./gecko_sdk_4.4.3/platform/security/sl_component/se_manager/src/sl_se_manager.o
 .debug_abbrev  0x00005248      0x357 ./gecko_sdk_4.4.3/platform/security/sl_component/se_manager/src/sl_se_manager_util.o
 .debug_abbrev  0x0000559f      0x2d9 ./gecko_sdk_4.4.3/platform/security/sl_component/sl_mbedtls_support/src/se_aes.o

.debug_loc      0x00000000     0xe0db
 .debug_loc     0x00000000       0x20 ./gecko_sdk_4.4.3/platform/Device/SiliconLabs/EFR32MG24/Source/startup_efr32mg24.o
 .debug_loc     0x00000020      0x274 ./gecko_sdk_4.4.3/platform/Device/SiliconLabs/EFR32MG24/Source/system_efr32mg24.o
 .debug_loc     0x00000294      0x180 ./gecko_sdk_4.4.3/platform/bootloader/communication/xmodem-parser/btl_xmodem.o
 .debug_loc     0x00000414      0x461 ./gecko_sdk_4.4.3/platform/bootloader/communication/xmodem-uart/btl_comm_xmodem_common.o
 .debug_loc     0x00000875      0xcb4 ./gecko_sdk_4.4.3/platform/bootloader/core/btl_bootload.o
 .debug_loc     0x00001529      0x122 ./gecko_sdk_4.4.3/platform/bootloader/core/btl_main.o
 .debug_loc     0x0000164b      0x28f ./gecko_sdk_4.4.3/platform/bootloader/core/btl_parse.o
 .debug_loc     0x000018da       0xca ./gecko_sdk_4.4.3/platform/bootloader/core/btl_reset.o
 .debug_loc     0x000019a4      0x2bd ./gecko_sdk_4.4.3/platform/bootloader/core/flash/btl_internal_flash.o
 .debug_loc     0x00001c61      0x1e9 ./gecko_sdk_4.4.3/platform/bootloader/driver/btl_driver_delay.o
 .debug_loc     0x00001e4a      0x6b2 ./gecko_sdk_4.4.3/platform/bootloader/driver/btl_driver_uart.o
 .debug_loc     0x000024fc       0xea ./gecko_sdk_4.4.3/platform/bootloader/driver/btl_driver_util.o
 .debug_loc     0x000025e6       0x98 ./gecko_sdk_4.4.3/platform/bootloader/gpio/gpio-activation/btl_gpio_activation.o
 .debug_loc     0x0000267e       0x65 ./gecko_sdk_4.4.3/platform/bootloader/parser/gbl/btl_gbl_format.o
 .debug_loc     0x000026e3     0x1090 ./gecko_sdk_4.4.3/platform/bootloader/parser/gbl/btl_gbl_parser.o
 .debug_loc     0x00003773      0x16e ./gecko_sdk_4.4.3/platform/bootloader/security/btl_crc16.o
 .debug_loc     0x000038e1       0xba ./gecko_sdk_4.4.3/platform/bootloader/security/btl_crc32.o
 .debug_loc     0x0000399b      0x510 ./gecko_sdk_4.4.3/platform/bootloader/security/btl_security_aes.o
 .debug_loc     0x00003eab      0x163 ./gecko_sdk_4.4.3/platform/bootloader/security/btl_security_ecdsa.o
 .debug_loc     0x0000400e      0x288 ./gecko_sdk_4.4.3/platform/bootloader/security/btl_security_sha256.o
 .debug_loc     0x00004296       0x9c ./gecko_sdk_4.4.3/platform/bootloader/security/btl_security_tokens.o
 .debug_loc     0x00004332      0x8d0 ./gecko_sdk_4.4.3/platform/bootloader/security/sha/btl_sha256.o
 .debug_loc     0x00004c02      0x102 ./gecko_sdk_4.4.3/platform/bootloader/security/sha/se_sha.o
 .debug_loc     0x00004d04       0xa9 ./gecko_sdk_4.4.3/platform/common/toolchain/src/sl_memory.o
 .debug_loc     0x00004dad     0x403c ./gecko_sdk_4.4.3/platform/emlib/src/em_cmu.o
 .debug_loc     0x00008de9      0x6ff ./gecko_sdk_4.4.3/platform/emlib/src/em_core.o
 .debug_loc     0x000094e8      0x7bb ./gecko_sdk_4.4.3/platform/emlib/src/em_gpio.o
 .debug_loc     0x00009ca3      0xa10 ./gecko_sdk_4.4.3/platform/emlib/src/em_msc.o
 .debug_loc     0x0000a6b3      0x8e8 ./gecko_sdk_4.4.3/platform/emlib/src/em_se.o
 .debug_loc     0x0000af9b      0x530 ./gecko_sdk_4.4.3/platform/emlib/src/em_timer.o
 .debug_loc     0x0000b4cb      0x424 ./gecko_sdk_4.4.3/platform/security/sl_component/se_manager/src/sl_se_manager.o
 .debug_loc     0x0000b8ef     0x2188 ./gecko_sdk_4.4.3/platform/security/sl_component/se_manager/src/sl_se_manager_util.o
 .debug_loc     0x0000da77      0x664 ./gecko_sdk_4.4.3/platform/security/sl_component/sl_mbedtls_support/src/se_aes.o

.debug_aranges  0x00000000      0xd08
 .debug_aranges
                0x00000000       0x40 ./gecko_sdk_4.4.3/platform/Device/SiliconLabs/EFR32MG24/Source/startup_efr32mg24.o
 .debug_aranges
                0x00000040       0x98 ./gecko_sdk_4.4.3/platform/Device/SiliconLabs/EFR32MG24/Source/system_efr32mg24.o
 .debug_aranges
                0x000000d8       0x30 ./gecko_sdk_4.4.3/platform/bootloader/communication/xmodem-parser/btl_xmodem.o
 .debug_aranges
                0x00000108       0x38 ./gecko_sdk_4.4.3/platform/bootloader/communication/xmodem-uart/btl_comm_xmodem.o
 .debug_aranges
                0x00000140       0x38 ./gecko_sdk_4.4.3/platform/bootloader/communication/xmodem-uart/btl_comm_xmodem_common.o
 .debug_aranges
                0x00000178       0xe8 ./gecko_sdk_4.4.3/platform/bootloader/core/btl_bootload.o
 .debug_aranges
                0x00000260       0x28 ./gecko_sdk_4.4.3/platform/bootloader/core/btl_core.o
 .debug_aranges
                0x00000288       0x40 ./gecko_sdk_4.4.3/platform/bootloader/core/btl_main.o
 .debug_aranges
                0x000002c8       0x38 ./gecko_sdk_4.4.3/platform/bootloader/core/btl_parse.o
 .debug_aranges
                0x00000300       0x68 ./gecko_sdk_4.4.3/platform/bootloader/core/btl_reset.o
 .debug_aranges
                0x00000368       0x30 ./gecko_sdk_4.4.3/platform/bootloader/core/flash/btl_internal_flash.o
 .debug_aranges
                0x00000398       0x38 ./gecko_sdk_4.4.3/platform/bootloader/driver/btl_driver_delay.o
 .debug_aranges
                0x000003d0       0x68 ./gecko_sdk_4.4.3/platform/bootloader/driver/btl_driver_uart.o
 .debug_aranges
                0x00000438       0x28 ./gecko_sdk_4.4.3/platform/bootloader/driver/btl_driver_util.o
 .debug_aranges
                0x00000460       0x20 ./gecko_sdk_4.4.3/platform/bootloader/gpio/gpio-activation/btl_gpio_activation.o
 .debug_aranges
                0x00000480       0x20 ./gecko_sdk_4.4.3/platform/bootloader/parser/gbl/btl_gbl_format.o
 .debug_aranges
                0x000004a0       0x50 ./gecko_sdk_4.4.3/platform/bootloader/parser/gbl/btl_gbl_parser.o
 .debug_aranges
                0x000004f0       0x28 ./gecko_sdk_4.4.3/platform/bootloader/security/btl_crc16.o
 .debug_aranges
                0x00000518       0x20 ./gecko_sdk_4.4.3/platform/bootloader/security/btl_crc32.o
 .debug_aranges
                0x00000538       0x40 ./gecko_sdk_4.4.3/platform/bootloader/security/btl_security_aes.o
 .debug_aranges
                0x00000578       0x20 ./gecko_sdk_4.4.3/platform/bootloader/security/btl_security_ecdsa.o
 .debug_aranges
                0x00000598       0x38 ./gecko_sdk_4.4.3/platform/bootloader/security/btl_security_sha256.o
 .debug_aranges
                0x000005d0       0x30 ./gecko_sdk_4.4.3/platform/bootloader/security/btl_security_tokens.o
 .debug_aranges
                0x00000600       0x50 ./gecko_sdk_4.4.3/platform/bootloader/security/sha/btl_sha256.o
 .debug_aranges
                0x00000650       0x20 ./gecko_sdk_4.4.3/platform/bootloader/security/sha/se_sha.o
 .debug_aranges
                0x00000670       0x30 ./gecko_sdk_4.4.3/platform/common/toolchain/src/sl_memory.o
 .debug_aranges
                0x000006a0      0x1f8 ./gecko_sdk_4.4.3/platform/emlib/src/em_cmu.o
 .debug_aranges
                0x00000898       0xe8 ./gecko_sdk_4.4.3/platform/emlib/src/em_core.o
 .debug_aranges
                0x00000980       0x50 ./gecko_sdk_4.4.3/platform/emlib/src/em_gpio.o
 .debug_aranges
                0x000009d0       0x80 ./gecko_sdk_4.4.3/platform/emlib/src/em_msc.o
 .debug_aranges
                0x00000a50       0xa8 ./gecko_sdk_4.4.3/platform/emlib/src/em_se.o
 .debug_aranges
                0x00000af8       0x48 ./gecko_sdk_4.4.3/platform/emlib/src/em_timer.o
 .debug_aranges
                0x00000b40       0x60 ./gecko_sdk_4.4.3/platform/security/sl_component/se_manager/src/sl_se_manager.o
 .debug_aranges
                0x00000ba0      0x120 ./gecko_sdk_4.4.3/platform/security/sl_component/se_manager/src/sl_se_manager_util.o
 .debug_aranges
                0x00000cc0       0x48 ./gecko_sdk_4.4.3/platform/security/sl_component/sl_mbedtls_support/src/se_aes.o

.debug_ranges   0x00000000     0x15a0
 .debug_ranges  0x00000000       0x48 ./gecko_sdk_4.4.3/platform/Device/SiliconLabs/EFR32MG24/Source/startup_efr32mg24.o
 .debug_ranges  0x00000048       0x88 ./gecko_sdk_4.4.3/platform/Device/SiliconLabs/EFR32MG24/Source/system_efr32mg24.o
 .debug_ranges  0x000000d0       0x20 ./gecko_sdk_4.4.3/platform/bootloader/communication/xmodem-parser/btl_xmodem.o
 .debug_ranges  0x000000f0       0x28 ./gecko_sdk_4.4.3/platform/bootloader/communication/xmodem-uart/btl_comm_xmodem.o
 .debug_ranges  0x00000118       0x88 ./gecko_sdk_4.4.3/platform/bootloader/communication/xmodem-uart/btl_comm_xmodem_common.o
 .debug_ranges  0x000001a0      0x138 ./gecko_sdk_4.4.3/platform/bootloader/core/btl_bootload.o
 .debug_ranges  0x000002d8       0x18 ./gecko_sdk_4.4.3/platform/bootloader/core/btl_core.o
 .debug_ranges  0x000002f0       0x30 ./gecko_sdk_4.4.3/platform/bootloader/core/btl_main.o
 .debug_ranges  0x00000320       0x28 ./gecko_sdk_4.4.3/platform/bootloader/core/btl_parse.o
 .debug_ranges  0x00000348       0x58 ./gecko_sdk_4.4.3/platform/bootloader/core/btl_reset.o
 .debug_ranges  0x000003a0       0x20 ./gecko_sdk_4.4.3/platform/bootloader/core/flash/btl_internal_flash.o
 .debug_ranges  0x000003c0       0x28 ./gecko_sdk_4.4.3/platform/bootloader/driver/btl_driver_delay.o
 .debug_ranges  0x000003e8       0xa0 ./gecko_sdk_4.4.3/platform/bootloader/driver/btl_driver_uart.o
 .debug_ranges  0x00000488       0x18 ./gecko_sdk_4.4.3/platform/bootloader/driver/btl_driver_util.o
 .debug_ranges  0x000004a0       0x58 ./gecko_sdk_4.4.3/platform/bootloader/gpio/gpio-activation/btl_gpio_activation.o
 .debug_ranges  0x000004f8       0x28 ./gecko_sdk_4.4.3/platform/bootloader/parser/gbl/btl_gbl_format.o
 .debug_ranges  0x00000520      0x1a0 ./gecko_sdk_4.4.3/platform/bootloader/parser/gbl/btl_gbl_parser.o
 .debug_ranges  0x000006c0       0x18 ./gecko_sdk_4.4.3/platform/bootloader/security/btl_crc16.o
 .debug_ranges  0x000006d8       0x10 ./gecko_sdk_4.4.3/platform/bootloader/security/btl_crc32.o
 .debug_ranges  0x000006e8       0x30 ./gecko_sdk_4.4.3/platform/bootloader/security/btl_security_aes.o
 .debug_ranges  0x00000718       0x40 ./gecko_sdk_4.4.3/platform/bootloader/security/btl_security_ecdsa.o
 .debug_ranges  0x00000758       0x40 ./gecko_sdk_4.4.3/platform/bootloader/security/btl_security_sha256.o
 .debug_ranges  0x00000798       0x20 ./gecko_sdk_4.4.3/platform/bootloader/security/btl_security_tokens.o
 .debug_ranges  0x000007b8       0xc8 ./gecko_sdk_4.4.3/platform/bootloader/security/sha/btl_sha256.o
 .debug_ranges  0x00000880       0x28 ./gecko_sdk_4.4.3/platform/bootloader/security/sha/se_sha.o
 .debug_ranges  0x000008a8       0x20 ./gecko_sdk_4.4.3/platform/common/toolchain/src/sl_memory.o
 .debug_ranges  0x000008c8      0x400 ./gecko_sdk_4.4.3/platform/emlib/src/em_cmu.o
 .debug_ranges  0x00000cc8      0x1a0 ./gecko_sdk_4.4.3/platform/emlib/src/em_core.o
 .debug_ranges  0x00000e68      0x108 ./gecko_sdk_4.4.3/platform/emlib/src/em_gpio.o
 .debug_ranges  0x00000f70      0x110 ./gecko_sdk_4.4.3/platform/emlib/src/em_msc.o
 .debug_ranges  0x00001080      0x138 ./gecko_sdk_4.4.3/platform/emlib/src/em_se.o
 .debug_ranges  0x000011b8       0x88 ./gecko_sdk_4.4.3/platform/emlib/src/em_timer.o
 .debug_ranges  0x00001240       0xd0 ./gecko_sdk_4.4.3/platform/security/sl_component/se_manager/src/sl_se_manager.o
 .debug_ranges  0x00001310      0x190 ./gecko_sdk_4.4.3/platform/security/sl_component/se_manager/src/sl_se_manager_util.o
 .debug_ranges  0x000014a0      0x100 ./gecko_sdk_4.4.3/platform/security/sl_component/sl_mbedtls_support/src/se_aes.o

.debug_line     0x00000000    0x105fe
 .debug_line    0x00000000      0x476 ./gecko_sdk_4.4.3/platform/Device/SiliconLabs/EFR32MG24/Source/startup_efr32mg24.o
 .debug_line    0x00000476      0x51f ./gecko_sdk_4.4.3/platform/Device/SiliconLabs/EFR32MG24/Source/system_efr32mg24.o
 .debug_line    0x00000995      0x3dd ./gecko_sdk_4.4.3/platform/bootloader/communication/xmodem-parser/btl_xmodem.o
 .debug_line    0x00000d72      0x3be ./gecko_sdk_4.4.3/platform/bootloader/communication/xmodem-uart/btl_comm_xmodem.o
 .debug_line    0x00001130      0xb4f ./gecko_sdk_4.4.3/platform/bootloader/communication/xmodem-uart/btl_comm_xmodem_common.o
 .debug_line    0x00001c7f      0xca3 ./gecko_sdk_4.4.3/platform/bootloader/core/btl_bootload.o
 .debug_line    0x00002922      0x16c ./gecko_sdk_4.4.3/platform/bootloader/core/btl_core.o
 .debug_line    0x00002a8e      0xa1a ./gecko_sdk_4.4.3/platform/bootloader/core/btl_main.o
 .debug_line    0x000034a8      0x648 ./gecko_sdk_4.4.3/platform/bootloader/core/btl_parse.o
 .debug_line    0x00003af0      0x430 ./gecko_sdk_4.4.3/platform/bootloader/core/btl_reset.o
 .debug_line    0x00003f20      0x3a2 ./gecko_sdk_4.4.3/platform/bootloader/core/flash/btl_internal_flash.o
 .debug_line    0x000042c2      0x3cb ./gecko_sdk_4.4.3/platform/bootloader/driver/btl_driver_delay.o
 .debug_line    0x0000468d      0x9f6 ./gecko_sdk_4.4.3/platform/bootloader/driver/btl_driver_uart.o
 .debug_line    0x00005083      0x354 ./gecko_sdk_4.4.3/platform/bootloader/driver/btl_driver_util.o
 .debug_line    0x000053d7      0x33c ./gecko_sdk_4.4.3/platform/bootloader/gpio/gpio-activation/btl_gpio_activation.o
 .debug_line    0x00005713      0x283 ./gecko_sdk_4.4.3/platform/bootloader/parser/gbl/btl_gbl_format.o
 .debug_line    0x00005996     0x1132 ./gecko_sdk_4.4.3/platform/bootloader/parser/gbl/btl_gbl_parser.o
 .debug_line    0x00006ac8      0x24d ./gecko_sdk_4.4.3/platform/bootloader/security/btl_crc16.o
 .debug_line    0x00006d15      0x2bb ./gecko_sdk_4.4.3/platform/bootloader/security/btl_crc32.o
 .debug_line    0x00006fd0      0x555 ./gecko_sdk_4.4.3/platform/bootloader/security/btl_security_aes.o
 .debug_line    0x00007525      0x3f5 ./gecko_sdk_4.4.3/platform/bootloader/security/btl_security_ecdsa.o
 .debug_line    0x0000791a      0x388 ./gecko_sdk_4.4.3/platform/bootloader/security/btl_security_sha256.o
 .debug_line    0x00007ca2      0x468 ./gecko_sdk_4.4.3/platform/bootloader/security/btl_security_tokens.o
 .debug_line    0x0000810a      0x543 ./gecko_sdk_4.4.3/platform/bootloader/security/sha/btl_sha256.o
 .debug_line    0x0000864d      0x427 ./gecko_sdk_4.4.3/platform/bootloader/security/sha/se_sha.o
 .debug_line    0x00008a74      0x2be ./gecko_sdk_4.4.3/platform/common/toolchain/src/sl_memory.o
 .debug_line    0x00008d32     0x2cae ./gecko_sdk_4.4.3/platform/emlib/src/em_cmu.o
 .debug_line    0x0000b9e0      0x862 ./gecko_sdk_4.4.3/platform/emlib/src/em_core.o
 .debug_line    0x0000c242      0x5ca ./gecko_sdk_4.4.3/platform/emlib/src/em_gpio.o
 .debug_line    0x0000c80c      0x9b4 ./gecko_sdk_4.4.3/platform/emlib/src/em_msc.o
 .debug_line    0x0000d1c0      0xa2e ./gecko_sdk_4.4.3/platform/emlib/src/em_se.o
 .debug_line    0x0000dbee      0x805 ./gecko_sdk_4.4.3/platform/emlib/src/em_timer.o
 .debug_line    0x0000e3f3      0x663 ./gecko_sdk_4.4.3/platform/security/sl_component/se_manager/src/sl_se_manager.o
 .debug_line    0x0000ea56     0x1245 ./gecko_sdk_4.4.3/platform/security/sl_component/se_manager/src/sl_se_manager_util.o
 .debug_line    0x0000fc9b      0x963 ./gecko_sdk_4.4.3/platform/security/sl_component/sl_mbedtls_support/src/se_aes.o

.debug_str      0x00000000     0xc4a6
 .debug_str     0x00000000      0x730 ./gecko_sdk_4.4.3/platform/Device/SiliconLabs/EFR32MG24/Source/startup_efr32mg24.o
                                0x88e (size before relaxing)
 .debug_str     0x00000730      0xc7e ./gecko_sdk_4.4.3/platform/Device/SiliconLabs/EFR32MG24/Source/system_efr32mg24.o
                                0xf3c (size before relaxing)
 .debug_str     0x000013ae       0xde ./gecko_sdk_4.4.3/platform/bootloader/communication/xmodem-parser/btl_xmodem.o
                                0x2db (size before relaxing)
 .debug_str     0x0000148c      0x1b0 ./gecko_sdk_4.4.3/platform/bootloader/communication/xmodem-uart/btl_comm_xmodem.o
                                0x489 (size before relaxing)
 .debug_str     0x0000163c      0x837 ./gecko_sdk_4.4.3/platform/bootloader/communication/xmodem-uart/btl_comm_xmodem_common.o
                                0xd18 (size before relaxing)
 .debug_str     0x00001e73      0x967 ./gecko_sdk_4.4.3/platform/bootloader/core/btl_bootload.o
                               0x1ba3 (size before relaxing)
 .debug_str     0x000027da       0x52 ./gecko_sdk_4.4.3/platform/bootloader/core/btl_core.o
                                0x207 (size before relaxing)
 .debug_str     0x0000282c      0x408 ./gecko_sdk_4.4.3/platform/bootloader/core/btl_main.o
                               0x16b4 (size before relaxing)
 .debug_str     0x00002c34       0x5f ./gecko_sdk_4.4.3/platform/bootloader/core/btl_parse.o
                                0xa70 (size before relaxing)
 .debug_str     0x00002c93      0x134 ./gecko_sdk_4.4.3/platform/bootloader/core/btl_reset.o
                                0x48f (size before relaxing)
 .debug_str     0x00002dc7      0x563 ./gecko_sdk_4.4.3/platform/bootloader/core/flash/btl_internal_flash.o
                               0x1195 (size before relaxing)
 .debug_str     0x0000332a      0x4f1 ./gecko_sdk_4.4.3/platform/bootloader/driver/btl_driver_delay.o
                               0x11d7 (size before relaxing)
 .debug_str     0x0000381b     0x1fe1 ./gecko_sdk_4.4.3/platform/bootloader/driver/btl_driver_uart.o
                               0x3294 (size before relaxing)
 .debug_str     0x000057fc       0x76 ./gecko_sdk_4.4.3/platform/bootloader/driver/btl_driver_util.o
                               0x1be6 (size before relaxing)
 .debug_str     0x00005872       0x77 ./gecko_sdk_4.4.3/platform/bootloader/gpio/gpio-activation/btl_gpio_activation.o
                               0x19d8 (size before relaxing)
 .debug_str     0x000058e9       0xbf ./gecko_sdk_4.4.3/platform/bootloader/parser/gbl/btl_gbl_format.o
                                0x48e (size before relaxing)
 .debug_str     0x000059a8      0x356 ./gecko_sdk_4.4.3/platform/bootloader/parser/gbl/btl_gbl_parser.o
                               0x10d0 (size before relaxing)
 .debug_str     0x00005cfe       0x59 ./gecko_sdk_4.4.3/platform/bootloader/security/btl_crc16.o
                                0x245 (size before relaxing)
 .debug_str     0x00005d57      0x1b2 ./gecko_sdk_4.4.3/platform/bootloader/security/btl_crc32.o
                                0xe45 (size before relaxing)
 .debug_str     0x00005f09      0x12e ./gecko_sdk_4.4.3/platform/bootloader/security/btl_security_aes.o
                                0xeb3 (size before relaxing)
 .debug_str     0x00006037       0xa6 ./gecko_sdk_4.4.3/platform/bootloader/security/btl_security_ecdsa.o
                                0xe39 (size before relaxing)
 .debug_str     0x000060dd       0xc6 ./gecko_sdk_4.4.3/platform/bootloader/security/btl_security_sha256.o
                                0xd7b (size before relaxing)
 .debug_str     0x000061a3      0x159 ./gecko_sdk_4.4.3/platform/bootloader/security/btl_security_tokens.o
                                0xe3b (size before relaxing)
 .debug_str     0x000062fc      0x121 ./gecko_sdk_4.4.3/platform/bootloader/security/sha/btl_sha256.o
                                0x3ba (size before relaxing)
 .debug_str     0x0000641d       0x69 ./gecko_sdk_4.4.3/platform/bootloader/security/sha/se_sha.o
                                0xe0e (size before relaxing)
 .debug_str     0x00006486       0xd2 ./gecko_sdk_4.4.3/platform/common/toolchain/src/sl_memory.o
                                0x29a (size before relaxing)
 .debug_str     0x00006558     0x3f9b ./gecko_sdk_4.4.3/platform/emlib/src/em_cmu.o
                               0x652b (size before relaxing)
 .debug_str     0x0000a4f3      0x759 ./gecko_sdk_4.4.3/platform/emlib/src/em_core.o
                                0xae5 (size before relaxing)
 .debug_str     0x0000ac4c      0x123 ./gecko_sdk_4.4.3/platform/emlib/src/em_gpio.o
                               0x1681 (size before relaxing)
 .debug_str     0x0000ad6f      0x4db ./gecko_sdk_4.4.3/platform/emlib/src/em_msc.o
                               0x1c6a (size before relaxing)
 .debug_str     0x0000b24a      0x31c ./gecko_sdk_4.4.3/platform/emlib/src/em_se.o
                                0x6b7 (size before relaxing)
 .debug_str     0x0000b566      0x596 ./gecko_sdk_4.4.3/platform/emlib/src/em_timer.o
                               0x32f0 (size before relaxing)
 .debug_str     0x0000bafc      0x116 ./gecko_sdk_4.4.3/platform/security/sl_component/se_manager/src/sl_se_manager.o
                                0xea7 (size before relaxing)
 .debug_str     0x0000bc12      0x7ba ./gecko_sdk_4.4.3/platform/security/sl_component/se_manager/src/sl_se_manager_util.o
                                0xc4b (size before relaxing)
 .debug_str     0x0000c3cc       0xda ./gecko_sdk_4.4.3/platform/security/sl_component/sl_mbedtls_support/src/se_aes.o
                                0x50f (size before relaxing)

.debug_frame    0x00000000     0x208c
 .debug_frame   0x00000000       0x68 ./gecko_sdk_4.4.3/platform/Device/SiliconLabs/EFR32MG24/Source/startup_efr32mg24.o
 .debug_frame   0x00000068      0x120 ./gecko_sdk_4.4.3/platform/Device/SiliconLabs/EFR32MG24/Source/system_efr32mg24.o
 .debug_frame   0x00000188       0x4c ./gecko_sdk_4.4.3/platform/bootloader/communication/xmodem-parser/btl_xmodem.o
 .debug_frame   0x000001d4       0x50 ./gecko_sdk_4.4.3/platform/bootloader/communication/xmodem-uart/btl_comm_xmodem.o
 .debug_frame   0x00000224       0x8c ./gecko_sdk_4.4.3/platform/bootloader/communication/xmodem-uart/btl_comm_xmodem_common.o
 .debug_frame   0x000002b0      0x290 ./gecko_sdk_4.4.3/platform/bootloader/core/btl_bootload.o
 .debug_frame   0x00000540       0x30 ./gecko_sdk_4.4.3/platform/bootloader/core/btl_core.o
 .debug_frame   0x00000570       0x74 ./gecko_sdk_4.4.3/platform/bootloader/core/btl_main.o
 .debug_frame   0x000005e4       0x88 ./gecko_sdk_4.4.3/platform/bootloader/core/btl_parse.o
 .debug_frame   0x0000066c       0xd0 ./gecko_sdk_4.4.3/platform/bootloader/core/btl_reset.o
 .debug_frame   0x0000073c       0x60 ./gecko_sdk_4.4.3/platform/bootloader/core/flash/btl_internal_flash.o
 .debug_frame   0x0000079c       0x74 ./gecko_sdk_4.4.3/platform/bootloader/driver/btl_driver_delay.o
 .debug_frame   0x00000810      0x104 ./gecko_sdk_4.4.3/platform/bootloader/driver/btl_driver_uart.o
 .debug_frame   0x00000914       0x44 ./gecko_sdk_4.4.3/platform/bootloader/driver/btl_driver_util.o
 .debug_frame   0x00000958       0x30 ./gecko_sdk_4.4.3/platform/bootloader/gpio/gpio-activation/btl_gpio_activation.o
 .debug_frame   0x00000988       0x2c ./gecko_sdk_4.4.3/platform/bootloader/parser/gbl/btl_gbl_format.o
 .debug_frame   0x000009b4       0xf8 ./gecko_sdk_4.4.3/platform/bootloader/parser/gbl/btl_gbl_parser.o
 .debug_frame   0x00000aac       0x3c ./gecko_sdk_4.4.3/platform/bootloader/security/btl_crc16.o
 .debug_frame   0x00000ae8       0x2c ./gecko_sdk_4.4.3/platform/bootloader/security/btl_crc32.o
 .debug_frame   0x00000b14       0x88 ./gecko_sdk_4.4.3/platform/bootloader/security/btl_security_aes.o
 .debug_frame   0x00000b9c       0x3c ./gecko_sdk_4.4.3/platform/bootloader/security/btl_security_ecdsa.o
 .debug_frame   0x00000bd8       0x64 ./gecko_sdk_4.4.3/platform/bootloader/security/btl_security_sha256.o
 .debug_frame   0x00000c3c       0x58 ./gecko_sdk_4.4.3/platform/bootloader/security/btl_security_tokens.o
 .debug_frame   0x00000c94       0xcc ./gecko_sdk_4.4.3/platform/bootloader/security/sha/btl_sha256.o
 .debug_frame   0x00000d60       0x38 ./gecko_sdk_4.4.3/platform/bootloader/security/sha/se_sha.o
 .debug_frame   0x00000d98       0x40 ./gecko_sdk_4.4.3/platform/common/toolchain/src/sl_memory.o
 .debug_frame   0x00000dd8      0x5c4 ./gecko_sdk_4.4.3/platform/emlib/src/em_cmu.o
 .debug_frame   0x0000139c      0x228 ./gecko_sdk_4.4.3/platform/emlib/src/em_core.o
 .debug_frame   0x000015c4       0xc0 ./gecko_sdk_4.4.3/platform/emlib/src/em_gpio.o
 .debug_frame   0x00001684      0x174 ./gecko_sdk_4.4.3/platform/emlib/src/em_msc.o
 .debug_frame   0x000017f8      0x210 ./gecko_sdk_4.4.3/platform/emlib/src/em_se.o
 .debug_frame   0x00001a08       0xac ./gecko_sdk_4.4.3/platform/emlib/src/em_timer.o
 .debug_frame   0x00001ab4       0xb8 ./gecko_sdk_4.4.3/platform/security/sl_component/se_manager/src/sl_se_manager.o
 .debug_frame   0x00001b6c      0x3f8 ./gecko_sdk_4.4.3/platform/security/sl_component/se_manager/src/sl_se_manager_util.o
 .debug_frame   0x00001f64       0xb8 ./gecko_sdk_4.4.3/platform/security/sl_component/sl_mbedtls_support/src/se_aes.o
 .debug_frame   0x0000201c       0x28 e:/siliconlabs/new folder/developer/toolchains/gnu_arm/12.2.rel1_2023.7/bin/../lib/gcc/arm-none-eabi/12.2.1/thumb/v8-m.main+fp/hard\libc_nano.a(libc_a-memcmp.o)
 .debug_frame   0x00002044       0x20 e:/siliconlabs/new folder/developer/toolchains/gnu_arm/12.2.rel1_2023.7/bin/../lib/gcc/arm-none-eabi/12.2.1/thumb/v8-m.main+fp/hard\libc_nano.a(libc_a-memset.o)
 .debug_frame   0x00002064       0x28 e:/siliconlabs/new folder/developer/toolchains/gnu_arm/12.2.rel1_2023.7/bin/../lib/gcc/arm-none-eabi/12.2.1/thumb/v8-m.main+fp/hard\libc_nano.a(libc_a-memcpy-stub.o)