Archive member included to satisfy reference by file (symbol)

e:/siliconlabs/new folder/developer/toolchains/gnu_arm/12.2.rel1_2023.7/bin/../lib/gcc/arm-none-eabi/12.2.1/thumb/v8-m.main+fp/hard\libgcc.a(_arm_muldf3.o)
                              ./main.o (__aeabi_dmul)
e:/siliconlabs/new folder/developer/toolchains/gnu_arm/12.2.rel1_2023.7/bin/../lib/gcc/arm-none-eabi/12.2.1/thumb/v8-m.main+fp/hard\libgcc.a(_arm_addsubdf3.o)
                              ./main.o (__aeabi_ui2d)
e:/siliconlabs/new folder/developer/toolchains/gnu_arm/12.2.rel1_2023.7/bin/../lib/gcc/arm-none-eabi/12.2.1/thumb/v8-m.main+fp/hard\libgcc.a(_arm_muldivdf3.o)
                              ./main.o (__aeabi_ddiv)
e:/siliconlabs/new folder/developer/toolchains/gnu_arm/12.2.rel1_2023.7/bin/../lib/gcc/arm-none-eabi/12.2.1/thumb/v8-m.main+fp/hard\libgcc.a(_arm_cmpdf2.o)
                              ./main.o (__aeabi_dcmpgt)
e:/siliconlabs/new folder/developer/toolchains/gnu_arm/12.2.rel1_2023.7/bin/../lib/gcc/arm-none-eabi/12.2.1/thumb/v8-m.main+fp/hard\libc_nano.a(libc_a-exit.o)
                              e:/siliconlabs/new folder/developer/toolchains/gnu_arm/12.2.rel1_2023.7/bin/../lib/gcc/arm-none-eabi/12.2.1/thumb/v8-m.main+fp/hard/crt0.o (exit)
e:/siliconlabs/new folder/developer/toolchains/gnu_arm/12.2.rel1_2023.7/bin/../lib/gcc/arm-none-eabi/12.2.1/thumb/v8-m.main+fp/hard\libc_nano.a(libc_a-findfp.o)
                              e:/siliconlabs/new folder/developer/toolchains/gnu_arm/12.2.rel1_2023.7/bin/../lib/gcc/arm-none-eabi/12.2.1/thumb/v8-m.main+fp/hard\libc_nano.a(libc_a-exit.o) (__stdio_exit_handler)
e:/siliconlabs/new folder/developer/toolchains/gnu_arm/12.2.rel1_2023.7/bin/../lib/gcc/arm-none-eabi/12.2.1/thumb/v8-m.main+fp/hard\libc_nano.a(libc_a-fwalk.o)
                              e:/siliconlabs/new folder/developer/toolchains/gnu_arm/12.2.rel1_2023.7/bin/../lib/gcc/arm-none-eabi/12.2.1/thumb/v8-m.main+fp/hard\libc_nano.a(libc_a-findfp.o) (_fwalk_sglue)
e:/siliconlabs/new folder/developer/toolchains/gnu_arm/12.2.rel1_2023.7/bin/../lib/gcc/arm-none-eabi/12.2.1/thumb/v8-m.main+fp/hard\libc_nano.a(libc_a-stdio.o)
                              e:/siliconlabs/new folder/developer/toolchains/gnu_arm/12.2.rel1_2023.7/bin/../lib/gcc/arm-none-eabi/12.2.1/thumb/v8-m.main+fp/hard\libc_nano.a(libc_a-findfp.o) (__sread)
e:/siliconlabs/new folder/developer/toolchains/gnu_arm/12.2.rel1_2023.7/bin/../lib/gcc/arm-none-eabi/12.2.1/thumb/v8-m.main+fp/hard\libc_nano.a(libc_a-memset.o)
                              e:/siliconlabs/new folder/developer/toolchains/gnu_arm/12.2.rel1_2023.7/bin/../lib/gcc/arm-none-eabi/12.2.1/thumb/v8-m.main+fp/hard/crt0.o (memset)
e:/siliconlabs/new folder/developer/toolchains/gnu_arm/12.2.rel1_2023.7/bin/../lib/gcc/arm-none-eabi/12.2.1/thumb/v8-m.main+fp/hard\libc_nano.a(libc_a-closer.o)
                              e:/siliconlabs/new folder/developer/toolchains/gnu_arm/12.2.rel1_2023.7/bin/../lib/gcc/arm-none-eabi/12.2.1/thumb/v8-m.main+fp/hard\libc_nano.a(libc_a-stdio.o) (_close_r)
e:/siliconlabs/new folder/developer/toolchains/gnu_arm/12.2.rel1_2023.7/bin/../lib/gcc/arm-none-eabi/12.2.1/thumb/v8-m.main+fp/hard\libc_nano.a(libc_a-reent.o)
                              e:/siliconlabs/new folder/developer/toolchains/gnu_arm/12.2.rel1_2023.7/bin/../lib/gcc/arm-none-eabi/12.2.1/thumb/v8-m.main+fp/hard\libc_nano.a(libc_a-closer.o) (errno)
e:/siliconlabs/new folder/developer/toolchains/gnu_arm/12.2.rel1_2023.7/bin/../lib/gcc/arm-none-eabi/12.2.1/thumb/v8-m.main+fp/hard\libc_nano.a(libc_a-impure.o)
                              e:/siliconlabs/new folder/developer/toolchains/gnu_arm/12.2.rel1_2023.7/bin/../lib/gcc/arm-none-eabi/12.2.1/thumb/v8-m.main+fp/hard\libc_nano.a(libc_a-reent.o) (_impure_ptr)
e:/siliconlabs/new folder/developer/toolchains/gnu_arm/12.2.rel1_2023.7/bin/../lib/gcc/arm-none-eabi/12.2.1/thumb/v8-m.main+fp/hard\libc_nano.a(libc_a-lseekr.o)
                              e:/siliconlabs/new folder/developer/toolchains/gnu_arm/12.2.rel1_2023.7/bin/../lib/gcc/arm-none-eabi/12.2.1/thumb/v8-m.main+fp/hard\libc_nano.a(libc_a-stdio.o) (_lseek_r)
e:/siliconlabs/new folder/developer/toolchains/gnu_arm/12.2.rel1_2023.7/bin/../lib/gcc/arm-none-eabi/12.2.1/thumb/v8-m.main+fp/hard\libc_nano.a(libc_a-readr.o)
                              e:/siliconlabs/new folder/developer/toolchains/gnu_arm/12.2.rel1_2023.7/bin/../lib/gcc/arm-none-eabi/12.2.1/thumb/v8-m.main+fp/hard\libc_nano.a(libc_a-stdio.o) (_read_r)
e:/siliconlabs/new folder/developer/toolchains/gnu_arm/12.2.rel1_2023.7/bin/../lib/gcc/arm-none-eabi/12.2.1/thumb/v8-m.main+fp/hard\libc_nano.a(libc_a-writer.o)
                              e:/siliconlabs/new folder/developer/toolchains/gnu_arm/12.2.rel1_2023.7/bin/../lib/gcc/arm-none-eabi/12.2.1/thumb/v8-m.main+fp/hard\libc_nano.a(libc_a-stdio.o) (_write_r)
[...]
Memory Configuration

Name             Origin             Length             Attributes
FLASH            0x08000000         0x0017e000         xr
RAM              0x20000000         0x00040000         xrw
*default*        0x00000000         0xffffffff

Linker script and memory map

LOAD e:/siliconlabs/new folder/developer/toolchains/gnu_arm/12.2.rel1_2023.7/bin/../lib/gcc/arm-none-eabi/12.2.1/thumb/v8-m.main+fp/hard/crti.o
LOAD e:/siliconlabs/new folder/developer/toolchains/gnu_arm/12.2.rel1_2023.7/bin/../lib/gcc/arm-none-eabi/12.2.1/thumb/v8-m.main+fp/hard/crtbegin.o
LOAD e:/siliconlabs/new folder/developer/toolchains/gnu_arm/12.2.rel1_2023.7/bin/../lib/gcc/arm-none-eabi/12.2.1/thumb/v8-m.main+fp/hard/crt0.o
START GROUP
LOAD ./app.o
LOAD ./main.o
LOAD ./autogen/sl_board_default_init.o
LOAD ./autogen/sl_device_init_clocks.o
LOAD ./autogen/sl_event_handler.o
LOAD ./gecko_sdk_4.4.3/hardware/board/src/sl_board_control_gpio.o
LOAD ./gecko_sdk_4.4.3/hardware/board/src/sl_board_init.o
LOAD ./gecko_sdk_4.4.3/platform/Device/SiliconLabs/EFR32MG24/Source/startup_efr32mg24.o
LOAD ./gecko_sdk_4.4.3/platform/Device/SiliconLabs/EFR32MG24/Source/system_efr32mg24.o
LOAD ./gecko_sdk_4.4.3/platform/common/src/sl_assert.o
LOAD ./gecko_sdk_4.4.3/platform/common/src/sl_syscalls.o
LOAD ./gecko_sdk_4.4.3/platform/common/toolchain/src/sl_memory.o
LOAD ./gecko_sdk_4.4.3/platform/emlib/src/em_cmu.o
LOAD ./gecko_sdk_4.4.3/platform/emlib/src/em_core.o
LOAD ./gecko_sdk_4.4.3/platform/emlib/src/em_emu.o
LOAD ./gecko_sdk_4.4.3/platform/emlib/src/em_gpio.o
LOAD ./gecko_sdk_4.4.3/platform/emlib/src/em_iadc.o
LOAD ./gecko_sdk_4.4.3/platform/emlib/src/em_msc.o
LOAD ./gecko_sdk_4.4.3/platform/emlib/src/em_system.o
LOAD ./gecko_sdk_4.4.3/platform/service/device_init/src/sl_device_init_dcdc_s2.o
LOAD ./gecko_sdk_4.4.3/platform/service/device_init/src/sl_device_init_emu_s2.o
LOAD ./gecko_sdk_4.4.3/platform/service/device_init/src/sl_device_init_hfxo_s2.o
LOAD ./gecko_sdk_4.4.3/platform/service/device_init/src/sl_device_init_lfxo_s2.o
LOAD ./gecko_sdk_4.4.3/platform/service/device_init/src/sl_device_init_nvic.o
LOAD ./gecko_sdk_4.4.3/platform/service/system/src/sl_system_init.o
LOAD ./gecko_sdk_4.4.3/platform/service/system/src/sl_system_process_action.o
LOAD e:/siliconlabs/new folder/developer/toolchains/gnu_arm/12.2.rel1_2023.7/bin/../lib/gcc/arm-none-eabi/12.2.1/thumb/v8-m.main+fp/hard\libgcc.a
LOAD e:/siliconlabs/new folder/developer/toolchains/gnu_arm/12.2.rel1_2023.7/bin/../lib/gcc/arm-none-eabi/12.2.1/thumb/v8-m.main+fp/hard\libc_nano.a
LOAD e:/siliconlabs/new folder/developer/toolchains/gnu_arm/12.2.rel1_2023.7/bin/../lib/gcc/arm-none-eabi/12.2.1/thumb/v8-m.main+fp/hard\libm.a
LOAD e:/siliconlabs/new folder/developer/toolchains/gnu_arm/12.2.rel1_2023.7/bin/../lib/gcc/arm-none-eabi/12.2.1/thumb/v8-m.main+fp/hard\libnosys.a
END GROUP
START GROUP
LOAD e:/siliconlabs/new folder/developer/toolchains/gnu_arm/12.2.rel1_2023.7/bin/../lib/gcc/arm-none-eabi/12.2.1/thumb/v8-m.main+fp/hard\libgcc.a
LOAD e:/siliconlabs/new folder/developer/toolchains/gnu_arm/12.2.rel1_2023.7/bin/../lib/gcc/arm-none-eabi/12.2.1/thumb/v8-m.main+fp/hard\libc_nano.a
LOAD e:/siliconlabs/new folder/developer/toolchains/gnu_arm/12.2.rel1_2023.7/bin/../lib/gcc/arm-none-eabi/12.2.1/thumb/v8-m.main+fp/hard\libnosys.a
END GROUP
START GROUP
LOAD e:/siliconlabs/new folder/developer/toolchains/gnu_arm/12.2.rel1_2023.7/bin/../lib/gcc/arm-none-eabi/12.2.1/thumb/v8-m.main+fp/hard\libgcc.a
LOAD e:/siliconlabs/new folder/developer/toolchains/gnu_arm/12.2.rel1_2023.7/bin/../lib/gcc/arm-none-eabi/12.2.1/thumb/v8-m.main+fp/hard\libg_nano.a
LOAD e:/siliconlabs/new folder/developer/toolchains/gnu_arm/12.2.rel1_2023.7/bin/../lib/gcc/arm-none-eabi/12.2.1/thumb/v8-m.main+fp/hard\libc_nano.a
END GROUP
START GROUP
LOAD e:/siliconlabs/new folder/developer/toolchains/gnu_arm/12.2.rel1_2023.7/bin/../lib/gcc/arm-none-eabi/12.2.1/thumb/v8-m.main+fp/hard\libgcc.a
LOAD e:/siliconlabs/new folder/developer/toolchains/gnu_arm/12.2.rel1_2023.7/bin/../lib/gcc/arm-none-eabi/12.2.1/thumb/v8-m.main+fp/hard\libc_nano.a
END GROUP
LOAD e:/siliconlabs/new folder/developer/toolchains/gnu_arm/12.2.rel1_2023.7/bin/../lib/gcc/arm-none-eabi/12.2.1/thumb/v8-m.main+fp/hard/crtend.o
LOAD e:/siliconlabs/new folder/developer/toolchains/gnu_arm/12.2.rel1_2023.7/bin/../lib/gcc/arm-none-eabi/12.2.1/thumb/v8-m.main+fp/hard/crtn.o

.text           0x08000000     0x312c
                0x08000000                linker_vectors_begin = .
 *(.vectors)
 .vectors       0x08000000      0x170 ./gecko_sdk_4.4.3/platform/Device/SiliconLabs/EFR32MG24/Source/startup_efr32mg24.o
                0x08000000                __Vectors
                0x08000170                linker_vectors_end = .
                0x08000170                __Vectors_End = .
                0x08000170                __Vectors_Size = (__Vectors_End - __Vectors)
                0x08000170                linker_code_begin = .
 *(SORT_BY_ALIGNMENT(.text*))
 .text.IADC_IRQHandler
                0x08000170       0x74 ./main.o
                0x08000170                IADC_IRQHandler
 .text.deregister_tm_clones
                0x080001e4       0x1c e:/siliconlabs/new folder/developer/toolchains/gnu_arm/12.2.rel1_2023.7/bin/../lib/gcc/arm-none-eabi/12.2.1/thumb/v8-m.main+fp/hard/crtbegin.o
 .text.register_tm_clones
                0x08000200       0x28 e:/siliconlabs/new folder/developer/toolchains/gnu_arm/12.2.rel1_2023.7/bin/../lib/gcc/arm-none-eabi/12.2.1/thumb/v8-m.main+fp/hard/crtbegin.o
 .text.__do_global_dtors_aux
                0x08000228       0x28 e:/siliconlabs/new folder/developer/toolchains/gnu_arm/12.2.rel1_2023.7/bin/../lib/gcc/arm-none-eabi/12.2.1/thumb/v8-m.main+fp/hard/crtbegin.o
 .text.frame_dummy
                0x08000250       0x24 e:/siliconlabs/new folder/developer/toolchains/gnu_arm/12.2.rel1_2023.7/bin/../lib/gcc/arm-none-eabi/12.2.1/thumb/v8-m.main+fp/hard/crtbegin.o
 .text          0x08000274       0x7c e:/siliconlabs/new folder/developer/toolchains/gnu_arm/12.2.rel1_2023.7/bin/../lib/gcc/arm-none-eabi/12.2.1/thumb/v8-m.main+fp/hard/crt0.o
                0x08000274                _stack_init
                0x0800027c                _start
                0x0800027c                _mainCRTStartup
 .text.initCMU  0x080002f0       0x5c ./main.o
                0x080002f0                initCMU
 .text.initIADC
                0x0800034c      0x164 ./main.o
                0x0800034c                initIADC
 .text.startup.main
                0x080004b0       0x50 ./main.o
                0x080004b0                main
 .text.CopyRamFuncs
                0x08000500       0x1c ./gecko_sdk_4.4.3/platform/Device/SiliconLabs/EFR32MG24/Source/startup_efr32mg24.o
                0x08000500                CopyRamFuncs
 .text.Reset_Handler
                0x0800051c       0x64 ./gecko_sdk_4.4.3/platform/Device/SiliconLabs/EFR32MG24/Source/startup_efr32mg24.o
                0x0800051c                Reset_Handler
 .text.SystemInit
                0x08000580       0x68 ./gecko_sdk_4.4.3/platform/Device/SiliconLabs/EFR32MG24/Source/system_efr32mg24.o
                0x08000580                SystemInit
 .text.SystemHFRCODPLLClockGet
                0x080005e8        0xc ./gecko_sdk_4.4.3/platform/Device/SiliconLabs/EFR32MG24/Source/system_efr32mg24.o
                0x080005e8                SystemHFRCODPLLClockGet
 .text.SystemSYSCLKGet
                0x080005f4       0x34 ./gecko_sdk_4.4.3/platform/Device/SiliconLabs/EFR32MG24/Source/system_efr32mg24.o
                0x080005f4                SystemSYSCLKGet
 .text.SystemHCLKGet
                0x08000628       0x24 ./gecko_sdk_4.4.3/platform/Device/SiliconLabs/EFR32MG24/Source/system_efr32mg24.o
                0x08000628                SystemHCLKGet
 .text.SystemMaxCoreClockGet
                0x0800064c        0x8 ./gecko_sdk_4.4.3/platform/Device/SiliconLabs/EFR32MG24/Source/system_efr32mg24.o
                0x0800064c                SystemMaxCoreClockGet
 .text.SystemHFXOClockGet
                0x08000654        0xc ./gecko_sdk_4.4.3/platform/Device/SiliconLabs/EFR32MG24/Source/system_efr32mg24.o
                0x08000654                SystemHFXOClockGet
 .text.SystemHFXOClockSet
                0x08000660       0x20 ./gecko_sdk_4.4.3/platform/Device/SiliconLabs/EFR32MG24/Source/system_efr32mg24.o
                0x08000660                SystemHFXOClockSet
 .text.SystemFSRCOClockGet
                0x08000680        0x8 ./gecko_sdk_4.4.3/platform/Device/SiliconLabs/EFR32MG24/Source/system_efr32mg24.o
                0x08000680                SystemFSRCOClockGet
 .text.SystemHFRCOEM23ClockGet
                0x08000688       0x84 ./gecko_sdk_4.4.3/platform/Device/SiliconLabs/EFR32MG24/Source/system_efr32mg24.o
                0x08000688                SystemHFRCOEM23ClockGet
 .text.SystemLFXOClockGet
                0x0800070c        0xc ./gecko_sdk_4.4.3/platform/Device/SiliconLabs/EFR32MG24/Source/system_efr32mg24.o
                0x0800070c                SystemLFXOClockGet
 .text.EMU_VScaleGet
                0x08000718       0x18 ./gecko_sdk_4.4.3/platform/emlib/src/em_cmu.o
 .text.traceClkGet
                0x08000730       0x54 ./gecko_sdk_4.4.3/platform/emlib/src/em_cmu.o
 .text.em01GrpaClkGet
                0x08000784       0x74 ./gecko_sdk_4.4.3/platform/emlib/src/em_cmu.o
 .text.em01GrpcClkGet
                0x080007f8       0x70 ./gecko_sdk_4.4.3/platform/emlib/src/em_cmu.o
 .text.iadcClkGet
                0x08000868       0x60 ./gecko_sdk_4.4.3/platform/emlib/src/em_cmu.o
 .text.eusart0ClkGet
                0x080008c8       0x74 ./gecko_sdk_4.4.3/platform/emlib/src/em_cmu.o
 .text.em23GrpaClkGet
                0x0800093c       0x48 ./gecko_sdk_4.4.3/platform/emlib/src/em_cmu.o
 .text.vdac0ClkGet
                0x08000984       0x70 ./gecko_sdk_4.4.3/platform/emlib/src/em_cmu.o
 .text.vdac1ClkGet
                0x080009f4       0x70 ./gecko_sdk_4.4.3/platform/emlib/src/em_cmu.o
 .text.pcnt0ClkGet
                0x08000a64       0x4c ./gecko_sdk_4.4.3/platform/emlib/src/em_cmu.o
 .text.wdog0ClkGet
                0x08000ab0       0x64 ./gecko_sdk_4.4.3/platform/emlib/src/em_cmu.o
 .text.wdog1ClkGet
                0x08000b14       0x64 ./gecko_sdk_4.4.3/platform/emlib/src/em_cmu.o
 .text.sysrtcClkGet
                0x08000b78       0x48 ./gecko_sdk_4.4.3/platform/emlib/src/em_cmu.o
 .text.em4GrpaClkGet
                0x08000bc0       0x48 ./gecko_sdk_4.4.3/platform/emlib/src/em_cmu.o
 .text.CMU_ClockDivGet
                0x08000c08       0x78 ./gecko_sdk_4.4.3/platform/emlib/src/em_cmu.o
                0x08000c08                CMU_ClockDivGet
 .text.flashWaitStateControl
                0x08000c80       0x58 ./gecko_sdk_4.4.3/platform/emlib/src/em_cmu.o
 .text.CMU_ClockEnable
                0x08000cd8       0x50 ./gecko_sdk_4.4.3/platform/emlib/src/em_cmu.o
                0x08000cd8                CMU_ClockEnable
 .text.CMU_ClockFreqGet
                0x08000d28      0x204 ./gecko_sdk_4.4.3/platform/emlib/src/em_cmu.o
                0x08000d28                CMU_ClockFreqGet
 .text.rhclkPrescOptimize
                0x08000f2c       0x20 ./gecko_sdk_4.4.3/platform/emlib/src/em_cmu.o
 .text.CMU_ClockSelectGet
                0x08000f4c      0x22c ./gecko_sdk_4.4.3/platform/emlib/src/em_cmu.o
                0x08000f4c                CMU_ClockSelectGet
 .text.CMU_HFXOInit
                0x08001178      0x224 ./gecko_sdk_4.4.3/platform/emlib/src/em_cmu.o
                0x08001178                CMU_HFXOInit
 .text.CMU_ClockDivSet
                0x0800139c      0x12c ./gecko_sdk_4.4.3/platform/emlib/src/em_cmu.o
                0x0800139c                CMU_ClockDivSet
 .text.pclkDivOptimize
                0x080014c8       0x24 ./gecko_sdk_4.4.3/platform/emlib/src/em_cmu.o
 .text.CMU_ClockSelectSet
                0x080014ec      0x694 ./gecko_sdk_4.4.3/platform/emlib/src/em_cmu.o
                0x080014ec                CMU_ClockSelectSet
 .text.EMU_VScaleEM01
                0x08001b80       0xa8 ./gecko_sdk_4.4.3/platform/emlib/src/em_emu.o
                0x08001b80                EMU_VScaleEM01
 .text.EMU_VScaleEM01ByClock
                0x08001c28       0x30 ./gecko_sdk_4.4.3/platform/emlib/src/em_emu.o
                0x08001c28                EMU_VScaleEM01ByClock
 .text.GPIO_PinOutSet
                0x08001c58       0x3c ./gecko_sdk_4.4.3/platform/emlib/src/em_gpio.o
 .text.GPIO_PinOutClear
                0x08001c94       0x3c ./gecko_sdk_4.4.3/platform/emlib/src/em_gpio.o
 .text.GPIO_PinModeSet
                0x08001cd0       0x94 ./gecko_sdk_4.4.3/platform/emlib/src/em_gpio.o
                0x08001cd0                GPIO_PinModeSet
 .text.IADC_disable
                0x08001d64       0x1c ./gecko_sdk_4.4.3/platform/emlib/src/em_iadc.o
 .text.IADC_initScan
                0x08001d80       0xdc ./gecko_sdk_4.4.3/platform/emlib/src/em_iadc.o
                0x08001d80                IADC_initScan
 .text.IADC_calcTimebase
                0x08001e5c       0x64 ./gecko_sdk_4.4.3/platform/emlib/src/em_iadc.o
                0x08001e5c                IADC_calcTimebase
 .text.IADC_calcSrcClkPrescale
                0x08001ec0       0x64 ./gecko_sdk_4.4.3/platform/emlib/src/em_iadc.o
                0x08001ec0                IADC_calcSrcClkPrescale
 .text.IADC_calcAdcClkPrescale
                0x08001f24       0x80 ./gecko_sdk_4.4.3/platform/emlib/src/em_iadc.o
                0x08001f24                IADC_calcAdcClkPrescale
 .text.IADC_getReferenceVoltage
                0x08001fa4       0x30 ./gecko_sdk_4.4.3/platform/emlib/src/em_iadc.o
                0x08001fa4                IADC_getReferenceVoltage
 .text.IADC_init
                0x08001fd4      0x520 ./gecko_sdk_4.4.3/platform/emlib/src/em_iadc.o
                0x08001fd4                IADC_init
 .text.SYSTEM_ChipRevisionGet
                0x080024f4       0x24 ./gecko_sdk_4.4.3/platform/emlib/src/em_system.o
                0x080024f4                SYSTEM_ChipRevisionGet
 .text          0x08002518      0x378 e:/siliconlabs/new folder/developer/toolchains/gnu_arm/12.2.rel1_2023.7/bin/../lib/gcc/arm-none-eabi/12.2.1/thumb/v8-m.main+fp/hard\libgcc.a(_arm_addsubdf3.o)
                0x08002518                __aeabi_drsub
                0x08002520                __aeabi_dsub
                0x08002520                __subdf3
                0x08002524                __aeabi_dadd
                0x08002524                __adddf3
                0x0800279c                __floatunsidf
                0x0800279c                __aeabi_ui2d
                0x080027bc                __floatsidf
                0x080027bc                __aeabi_i2d
                0x080027e0                __aeabi_f2d
                0x080027e0                __extendsfdf2
                0x08002824                __floatundidf
                0x08002824                __aeabi_ul2d
                0x08002834                __floatdidf
                0x08002834                __aeabi_l2d
 .text          0x08002890      0x424 e:/siliconlabs/new folder/developer/toolchains/gnu_arm/12.2.rel1_2023.7/bin/../lib/gcc/arm-none-eabi/12.2.1/thumb/v8-m.main+fp/hard\libgcc.a(_arm_muldivdf3.o)
                0x08002890                __aeabi_dmul
                0x08002890                __muldf3
                0x08002ae4                __divdf3
                0x08002ae4                __aeabi_ddiv
 .text          0x08002cb4      0x110 e:/siliconlabs/new folder/developer/toolchains/gnu_arm/12.2.rel1_2023.7/bin/../lib/gcc/arm-none-eabi/12.2.1/thumb/v8-m.main+fp/hard\libgcc.a(_arm_cmpdf2.o)
                0x08002cb4                __gtdf2
                0x08002cb4                __gedf2
                0x08002cbc                __ltdf2
                0x08002cbc                __ledf2
                0x08002cc4                __nedf2
                0x08002cc4                __eqdf2
                0x08002cc4                __cmpdf2
                0x08002d40                __aeabi_cdrcmple
                0x08002d50                __aeabi_cdcmpeq
                0x08002d50                __aeabi_cdcmple
                0x08002d60                __aeabi_dcmpeq
                0x08002d74                __aeabi_dcmplt
                0x08002d88                __aeabi_dcmple
                0x08002d9c                __aeabi_dcmpge
                0x08002db0                __aeabi_dcmpgt
 .text.exit     0x08002dc4       0x24 e:/siliconlabs/new folder/developer/toolchains/gnu_arm/12.2.rel1_2023.7/bin/../lib/gcc/arm-none-eabi/12.2.1/thumb/v8-m.main+fp/hard\libc_nano.a(libc_a-exit.o)
                0x08002dc4                exit
 .text.__libc_init_array
                0x08002de8       0x48 e:/siliconlabs/new folder/developer/toolchains/gnu_arm/12.2.rel1_2023.7/bin/../lib/gcc/arm-none-eabi/12.2.1/thumb/v8-m.main+fp/hard\libc_nano.a(libc_a-init.o)
                0x08002de8                __libc_init_array
 .text.initGPIO
                0x08002e30       0x1a ./main.o
                0x08002e30                initGPIO
 .text.Default_Handler
                0x08002e4a        0x2 ./gecko_sdk_4.4.3/platform/Device/SiliconLabs/EFR32MG24/Source/startup_efr32mg24.o
                0x08002e4a                ULFRCO_IRQHandler
                0x08002e4a                AHB2AHB1_IRQHandler
                0x08002e4a                SW2_IRQHandler
                0x08002e4a                TIMER2_IRQHandler
                0x08002e4a                DebugMon_Handler
                0x08002e4a                USART0_TX_IRQHandler
                0x08002e4a                EUSART0_TX_IRQHandler
                0x08002e4a                I2C0_IRQHandler
                0x08002e4a                LFXO_IRQHandler
                0x08002e4a                HardFault_Handler
                0x08002e4a                SMU_SECURE_IRQHandler
                0x08002e4a                SysTick_Handler
                0x08002e4a                SYSRTC_SEQ_IRQHandler
                0x08002e4a                EMUEFP_IRQHandler
                0x08002e4a                PendSV_Handler
                0x08002e4a                NMI_Handler
                0x08002e4a                SYNTH_IRQHandler
                0x08002e4a                HOSTMAILBOX_IRQHandler
                0x08002e4a                HFXO0_IRQHandler
                0x08002e4a                I2C1_IRQHandler
                0x08002e4a                WDOG0_IRQHandler
                0x08002e4a                TIMER3_IRQHandler
                0x08002e4a                SYSCFG_IRQHandler
                0x08002e4a                RFECA1_IRQHandler
                0x08002e4a                EMUDG_IRQHandler
                0x08002e4a                MSC_IRQHandler
                0x08002e4a                DPLL0_IRQHandler
                0x08002e4a                UsageFault_Handler
                0x08002e4a                WDOG1_IRQHandler
                0x08002e4a                M33CTI1_IRQHandler
                0x08002e4a                TIMER4_IRQHandler
                0x08002e4a                GPIO_EVEN_IRQHandler
                0x08002e4a                VDAC0_IRQHandler
                0x08002e4a                LDMA_IRQHandler
                0x08002e4a                SEMBTX_IRQHandler
                0x08002e4a                SW0_IRQHandler
                0x08002e4a                TIMER0_IRQHandler
                0x08002e4a                MVP_IRQHandler
                0x08002e4a                LETIMER0_IRQHandler
                0x08002e4a                EUSART1_RX_IRQHandler
                0x08002e4a                TIMER1_IRQHandler
                0x08002e4a                HFRCO0_IRQHandler
                0x08002e4a                SecureFault_Handler
                0x08002e4a                BUFC_IRQHandler
                0x08002e4a                DCDC_IRQHandler
                0x08002e4a                MODEM_IRQHandler
                0x08002e4a                Default_Handler
                0x08002e4a                RAC_SEQ_IRQHandler
                0x08002e4a                FRC_PRI_IRQHandler
                0x08002e4a                EMU_IRQHandler
                0x08002e4a                SW3_IRQHandler
                0x08002e4a                KERNEL0_IRQHandler
                0x08002e4a                FRC_IRQHandler
                0x08002e4a                PCNT0_IRQHandler
                0x08002e4a                KERNEL1_IRQHandler
                0x08002e4a                AGC_IRQHandler
                0x08002e4a                EUSART1_TX_IRQHandler
                0x08002e4a                KEYSCAN_IRQHandler
                0x08002e4a                sl_app_properties
                0x08002e4a                HFRCOEM23_IRQHandler
                0x08002e4a                BURTC_IRQHandler
                0x08002e4a                SEMBRX_IRQHandler
                0x08002e4a                RFECA0_IRQHandler
                0x08002e4a                LFRCO_IRQHandler
                0x08002e4a                VDAC1_IRQHandler
                0x08002e4a                ACMP0_IRQHandler
                0x08002e4a                USART0_RX_IRQHandler
                0x08002e4a                MemManage_Handler
                0x08002e4a                AHB2AHB0_IRQHandler
                0x08002e4a                SVC_Handler
                0x08002e4a                SMU_S_PRIVILEGED_IRQHandler
                0x08002e4a                SW1_IRQHandler
                0x08002e4a                CMU_IRQHandler
                0x08002e4a                EUSART0_RX_IRQHandler
                0x08002e4a                RAC_RSM_IRQHandler
                0x08002e4a                SETAMPERHOST_IRQHandler
                0x08002e4a                GPIO_ODD_IRQHandler
                0x08002e4a                AES_IRQHandler
                0x08002e4a                M33CTI0_IRQHandler
                0x08002e4a                ICACHE0_IRQHandler
                0x08002e4a                SMU_NS_PRIVILEGED_IRQHandler
                0x08002e4a                FPUEXH_IRQHandler
                0x08002e4a                PROTIMER_IRQHandler
                0x08002e4a                ACMP1_IRQHandler
                0x08002e4a                BusFault_Handler
                0x08002e4a                MPAHBRAM_IRQHandler
                0x08002e4a                SYSRTC_APP_IRQHandler
 .text.FlashToRamCopy
                0x08002e4c       0x16 ./gecko_sdk_4.4.3/platform/Device/SiliconLabs/EFR32MG24/Source/system_efr32mg24.o
                0x08002e4c                FlashToRamCopy
 .text.SystemCLKIN0Get
                0x08002e62        0x4 ./gecko_sdk_4.4.3/platform/Device/SiliconLabs/EFR32MG24/Source/system_efr32mg24.o
                0x08002e62                SystemCLKIN0Get
 .text.SystemLFRCOClockGet
                0x08002e66        0x6 ./gecko_sdk_4.4.3/platform/Device/SiliconLabs/EFR32MG24/Source/system_efr32mg24.o
                0x08002e66                SystemLFRCOClockGet
 .text.SystemULFRCOClockGet
                0x08002e6c        0x6 ./gecko_sdk_4.4.3/platform/Device/SiliconLabs/EFR32MG24/Source/system_efr32mg24.o
                0x08002e6c                SystemULFRCOClockGet
 .text.assertEFM
                0x08002e72        0x2 ./gecko_sdk_4.4.3/platform/common/src/sl_assert.o
                0x08002e72                assertEFM
 .text._exit    0x08002e74        0x2 ./gecko_sdk_4.4.3/platform/common/src/sl_syscalls.o
                0x08002e74                _exit
 .text.BUS_RegMaskedWrite
                0x08002e76       0x1e ./gecko_sdk_4.4.3/platform/emlib/src/em_cmu.o
 .text.waitStateMax
                0x08002e94       0x10 ./gecko_sdk_4.4.3/platform/emlib/src/em_cmu.o
 .text.CMU_UpdateWaitStates
                0x08002ea4        0xc ./gecko_sdk_4.4.3/platform/emlib/src/em_cmu.o
                0x08002ea4                CMU_UpdateWaitStates
 .text.pclkDivMax
                0x08002eb0        0xa ./gecko_sdk_4.4.3/platform/emlib/src/em_cmu.o
 .text.CORE_EnterCritical
                0x08002eba        0x8 ./gecko_sdk_4.4.3/platform/emlib/src/em_core.o
                0x08002eba                CORE_EnterCritical
 .text.CORE_ExitCritical
                0x08002ec2        0x6 ./gecko_sdk_4.4.3/platform/emlib/src/em_core.o
                0x08002ec2                CORE_ExitCritical
 .text.EMU_EFPEM01VScale
                0x08002ec8        0x2 ./gecko_sdk_4.4.3/platform/emlib/src/em_emu.o
                0x08002ec8                EMU_EFPEM01VScale
 .text.BUS_RegMaskedWrite
                0x08002eca       0x1e ./gecko_sdk_4.4.3/platform/emlib/src/em_gpio.o
 .text.IADC_ConvertRawDataToResult
                0x08002ee8       0x32 ./gecko_sdk_4.4.3/platform/emlib/src/em_iadc.o
 .text.IADC_pullScanFifoResult
                0x08002f1a       0x14 ./gecko_sdk_4.4.3/platform/emlib/src/em_iadc.o
                0x08002f1a                IADC_pullScanFifoResult
 .text.memset   0x08002f2e       0x10 e:/siliconlabs/new folder/developer/toolchains/gnu_arm/12.2.rel1_2023.7/bin/../lib/gcc/arm-none-eabi/12.2.1/thumb/v8-m.main+fp/hard\libc_nano.a(libc_a-memset.o)
                0x08002f2e                memset
                0x08002f40                . = ALIGN (0x20)
 *fill*         0x08002f3e        0x2 
                0x08002f40                linker_code_end = .
 *(.init)
 .init          0x08002f40        0x4 e:/siliconlabs/new folder/developer/toolchains/gnu_arm/12.2.rel1_2023.7/bin/../lib/gcc/arm-none-eabi/12.2.1/thumb/v8-m.main+fp/hard/crti.o
                0x08002f40                _init
 .init          0x08002f44        0x8 e:/siliconlabs/new folder/developer/toolchains/gnu_arm/12.2.rel1_2023.7/bin/../lib/gcc/arm-none-eabi/12.2.1/thumb/v8-m.main+fp/hard/crtn.o
 *(.fini)
 .fini          0x08002f4c        0x4 e:/siliconlabs/new folder/developer/toolchains/gnu_arm/12.2.rel1_2023.7/bin/../lib/gcc/arm-none-eabi/12.2.1/thumb/v8-m.main+fp/hard/crti.o
                0x08002f4c                _fini
 .fini          0x08002f50        0x8 e:/siliconlabs/new folder/developer/toolchains/gnu_arm/12.2.rel1_2023.7/bin/../lib/gcc/arm-none-eabi/12.2.1/thumb/v8-m.main+fp/hard/crtn.o
 *crtbegin.o(.ctors)
 *crtbegin?.o(.ctors)
 *(EXCLUDE_FILE(*crtend.o *crtend?.o) .ctors)
 *(SORT_BY_NAME(.ctors.*))
 *(.ctors)
 *crtbegin.o(.dtors)
 *crtbegin?.o(.dtors)
 *(EXCLUDE_FILE(*crtend.o *crtend?.o) .dtors)
 *(SORT_BY_NAME(.dtors.*))
 *(.dtors)
                0x08002f58                __code_classification_validator_start__ = .
                0x08002f78                . = (. + 0x20)
 *fill*         0x08002f58       0x20 
 *(code_classification_validator)
                0x08002f80                . = ALIGN (0x20)
 *fill*         0x08002f78        0x8 
                0x08002f80                __code_classification_validator_end__ = .
 *(.rodata*)
 .rodata        0x08002f80       0x50 ./main.o
 .rodata.HFRCODPLLDevinfoGet.str1.1
                0x08002fd0       0x3b ./gecko_sdk_4.4.3/platform/emlib/src/em_cmu.o
 .rodata.CSWTCH.98
                0x0800300b        0x6 ./gecko_sdk_4.4.3/platform/emlib/src/em_cmu.o
 .rodata.EMU_VScaleEM01.str1.1
                0x08003011       0x3b ./gecko_sdk_4.4.3/platform/emlib/src/em_emu.o
 .rodata.GPIO_PinOutSet.str1.1
                0x0800304c       0x3c ./gecko_sdk_4.4.3/platform/emlib/src/em_gpio.o
 .rodata.GPIO_ExtIntConfig.str1.1
                0x08003088       0x3c ./gecko_sdk_4.4.3/platform/emlib/src/em_gpio.o
 .rodata.CSWTCH.31
                0x080030c4        0x8 ./gecko_sdk_4.4.3/platform/emlib/src/em_gpio.o
 .rodata.IADC_initScan.str1.1
                0x080030cc       0x3c ./gecko_sdk_4.4.3/platform/emlib/src/em_iadc.o
 .rodata.CSWTCH.56
                0x08003108        0xa ./gecko_sdk_4.4.3/platform/emlib/src/em_iadc.o
 *fill*         0x08003112        0x2 
 .rodata        0x08003114       0x18 ./gecko_sdk_4.4.3/platform/emlib/src/em_iadc.o
 *(.eh_frame*)
 .eh_frame      0x0800312c        0x0 e:/siliconlabs/new folder/developer/toolchains/gnu_arm/12.2.rel1_2023.7/bin/../lib/gcc/arm-none-eabi/12.2.1/thumb/v8-m.main+fp/hard/crtbegin.o

.glue_7         0x0800312c        0x0
 .glue_7        0x0800312c        0x0 linker stubs

.glue_7t        0x0800312c        0x0
 .glue_7t       0x0800312c        0x0 linker stubs

.vfp11_veneer   0x0800312c        0x0
 .vfp11_veneer  0x0800312c        0x0 linker stubs

.v4_bx          0x0800312c        0x0
 .v4_bx         0x0800312c        0x0 linker stubs

.iplt           0x0800312c        0x0
 .iplt          0x0800312c        0x0 e:/siliconlabs/new folder/developer/toolchains/gnu_arm/12.2.rel1_2023.7/bin/../lib/gcc/arm-none-eabi/12.2.1/thumb/v8-m.main+fp/hard/crtbegin.o

.ARM.extab
 *(.ARM.extab* .gnu.linkonce.armextab.*)
                0x0800312c                __exidx_start = .

.ARM.exidx      0x0800312c        0x8
 *(.ARM.exidx* .gnu.linkonce.armexidx.*)
 .ARM.exidx     0x0800312c        0x8 e:/siliconlabs/new folder/developer/toolchains/gnu_arm/12.2.rel1_2023.7/bin/../lib/gcc/arm-none-eabi/12.2.1/thumb/v8-m.main+fp/hard/crt0.o
                                 0x10 (size before relaxing)
                0x08003134                __exidx_end = .

.rel.dyn        0x08003134        0x0
 .rel.iplt      0x08003134        0x0 e:/siliconlabs/new folder/developer/toolchains/gnu_arm/12.2.rel1_2023.7/bin/../lib/gcc/arm-none-eabi/12.2.1/thumb/v8-m.main+fp/hard/crtbegin.o

.copy.table     0x08003134        0xc
                0x08003134                . = ALIGN (0x4)
                0x08003134                __copy_table_start__ = .
                0x08003134        0x4 LONG 0x8003140 __etext
                0x08003138        0x4 LONG 0x20001000 __data_start__
                0x0800313c        0x4 LONG 0x6 ((__data_end__ - __data_start__) / 0x4)
                0x08003140                __copy_table_end__ = .

.zero.table     0x08003140        0x0
                0x08003140                . = ALIGN (0x4)
                0x08003140                __zero_table_start__ = .
                0x08003140                __zero_table_end__ = .
                0x08003140                __etext = .
                0x20000000                . = ORIGIN (RAM)

.stack          0x20000000     0x1000
                0x20000000                __StackLimit = .
 *(.stack*)
 .stack         0x20000000     0x1000 ./gecko_sdk_4.4.3/platform/common/toolchain/src/sl_memory.o
                0x20001000                . = ALIGN (0x4)
                0x20001000                __StackTop = .
                0x20001000                PROVIDE (__stack = __StackTop)

.noinit
 *(.noinit*)

.data           0x20001000       0x18 load address 0x08003140
                0x20001000                . = ALIGN (0x4)
                0x20001000                __data_start__ = .
 *(vtable)
 *(SORT_BY_ALIGNMENT(.data*))
 .data.SystemCoreClock
                0x20001000        0x4 ./gecko_sdk_4.4.3/platform/Device/SiliconLabs/EFR32MG24/Source/system_efr32mg24.o
                0x20001000                SystemCoreClock
 .data.SystemHFRCODPLLClock
                0x20001004        0x4 ./gecko_sdk_4.4.3/platform/Device/SiliconLabs/EFR32MG24/Source/system_efr32mg24.o
 .data.SystemLFXOClock
                0x20001008        0x4 ./gecko_sdk_4.4.3/platform/Device/SiliconLabs/EFR32MG24/Source/system_efr32mg24.o
 .data.SystemHFXOClock
                0x2000100c        0x4 ./gecko_sdk_4.4.3/platform/Device/SiliconLabs/EFR32MG24/Source/system_efr32mg24.o
                0x20001010                . = ALIGN (0x4)
                [!provide]                PROVIDE (__ram_func_section_start = .)
 *(.ram)
                [!provide]                PROVIDE (__ram_func_section_end = .)
                0x20001010                . = ALIGN (0x4)
                0x20001010                PROVIDE (__preinit_array_start = .)
 *(.preinit_array)
                0x20001010                PROVIDE (__preinit_array_end = .)
                0x20001010                . = ALIGN (0x4)
                0x20001010                PROVIDE (__init_array_start = .)
 *(SORT_BY_NAME(.init_array.*))
 *(.init_array)
 .init_array    0x20001010        0x4 e:/siliconlabs/new folder/developer/toolchains/gnu_arm/12.2.rel1_2023.7/bin/../lib/gcc/arm-none-eabi/12.2.1/thumb/v8-m.main+fp/hard/crtbegin.o
                0x20001014                PROVIDE (__init_array_end = .)
                0x20001014                . = ALIGN (0x4)
                [!provide]                PROVIDE (__fini_array_start = .)
 *(SORT_BY_NAME(.fini_array.*))
 *(.fini_array)
 .fini_array    0x20001014        0x4 e:/siliconlabs/new folder/developer/toolchains/gnu_arm/12.2.rel1_2023.7/bin/../lib/gcc/arm-none-eabi/12.2.1/thumb/v8-m.main+fp/hard/crtbegin.o
                [!provide]                PROVIDE (__fini_array_end = .)
                0x20001018                . = ALIGN (0x4)
                0x20001018                __data_end__ = .

.tm_clone_table
                0x20001018        0x0 load address 0x08003158
 .tm_clone_table
                0x20001018        0x0 e:/siliconlabs/new folder/developer/toolchains/gnu_arm/12.2.rel1_2023.7/bin/../lib/gcc/arm-none-eabi/12.2.1/thumb/v8-m.main+fp/hard/crtbegin.o
 .tm_clone_table
                0x20001018        0x0 e:/siliconlabs/new folder/developer/toolchains/gnu_arm/12.2.rel1_2023.7/bin/../lib/gcc/arm-none-eabi/12.2.1/thumb/v8-m.main+fp/hard/crtend.o

.igot.plt       0x20001018        0x0 load address 0x08003158
 .igot.plt      0x20001018        0x0 e:/siliconlabs/new folder/developer/toolchains/gnu_arm/12.2.rel1_2023.7/bin/../lib/gcc/arm-none-eabi/12.2.1/thumb/v8-m.main+fp/hard/crtbegin.o

.bss            0x20001018       0x30 load address 0x08003158
                0x20001018                . = ALIGN (0x4)
                0x20001018                __bss_start__ = .
 *(SORT_BY_ALIGNMENT(.bss*))
 .bss.scanResult
                0x20001018       0x10 ./main.o
 .bss.object.0  0x20001028       0x18 e:/siliconlabs/new folder/developer/toolchains/gnu_arm/12.2.rel1_2023.7/bin/../lib/gcc/arm-none-eabi/12.2.1/thumb/v8-m.main+fp/hard/crtbegin.o
 .bss.__stdio_exit_handler
                0x20001040        0x4 e:/siliconlabs/new folder/developer/toolchains/gnu_arm/12.2.rel1_2023.7/bin/../lib/gcc/arm-none-eabi/12.2.1/thumb/v8-m.main+fp/hard\libc_nano.a(libc_a-findfp.o)
                0x20001040                __stdio_exit_handler
 .bss.completed.1
                0x20001044        0x1 e:/siliconlabs/new folder/developer/toolchains/gnu_arm/12.2.rel1_2023.7/bin/../lib/gcc/arm-none-eabi/12.2.1/thumb/v8-m.main+fp/hard/crtbegin.o
 .bss.vScaleEM01Config
                0x20001045        0x1 ./gecko_sdk_4.4.3/platform/emlib/src/em_emu.o
 *(COMMON)
                0x20001048                . = ALIGN (0x4)
 *fill*         0x20001046        0x2 
                0x20001048                __bss_end__ = .
                0x20001048                __ramfuncs_start__ = .
                0x20001048                __vma_ramfuncs_start__ = .
                0x08003158                __lma_ramfuncs_start__ = (__etext + SIZEOF (.data))
                0x00000000                __text_application_ram_offset__ = (. - __vma_ramfuncs_start__)

text_application_ram
                0x20001048        0x0 load address 0x08003158
                0x20001048                . = ALIGN (0x4)
                0x20001048                __text_application_ram_start__ = .
 *(text_application_ram)
                0x20001048                . = ALIGN (0x4)
                0x20001048                __text_application_ram_end__ = .
                0x20001048                . = ALIGN (0x4)
                0x20001048                __vma_ramfuncs_end__ = .
                0x08003158                __lma_ramfuncs_end__ = ((__lma_ramfuncs_start__ + __text_application_ram_offset__) + SIZEOF (text_application_ram))
                0x20001048                __ramfuncs_end__ = .

.heap           0x20001048      0x800
                0x20001048                __HeapBase = .
                0x20001048                __end__ = .
                0x20001048                end = __end__
                0x20001048                _end = __end__
 *(.heap*)
 .heap          0x20001048      0x800 ./gecko_sdk_4.4.3/platform/common/toolchain/src/sl_memory.o
                0x20040000                __HeapLimit = (ORIGIN (RAM) + LENGTH (RAM))
                0x0003efb8                __heap_size = (__HeapLimit - __HeapBase)
                0x20040000                __ram_end__ = 0x20040000
                0x0817e000                __main_flash_end__ = 0x817e000

.internal_storage
 *(.internal_storage*)

.nvm
 *(.simee*)
                0x0817e000                linker_nvm_end = __main_flash_end__
                0x0817e000                linker_nvm_begin = (linker_nvm_end - SIZEOF (.nvm))
                0x00000000                linker_nvm_size = SIZEOF (.nvm)
                0x0817e000                linker_storage_end = linker_nvm_begin
                0x0817e000                __nvm3Base = linker_nvm_begin
                0x0817e000                linker_storage_begin = (linker_storage_end - SIZEOF (.internal_storage))
                0x00000000                linker_storage_size = SIZEOF (.internal_storage)
                0x00000001                ASSERT ((linker_storage_begin >= (__etext + SIZEOF (.data))), FLASH memory overflowed !)
                0x0817e000                app_flash_end = 0x817e000
                0x00000001                ASSERT (((linker_nvm_begin + SIZEOF (.nvm)) <= app_flash_end), NVM3 is excessing the flash size !)
OUTPUT(ADC_test.axf elf32-littlearm)
LOAD linker stubs

.ARM.attributes
                0x00000000       0x36
 .ARM.attributes
                0x00000000       0x26 e:/siliconlabs/new folder/developer/toolchains/gnu_arm/12.2.rel1_2023.7/bin/../lib/gcc/arm-none-eabi/12.2.1/thumb/v8-m.main+fp/hard/crti.o
 .ARM.attributes
                0x00000026       0x38 e:/siliconlabs/new folder/developer/toolchains/gnu_arm/12.2.rel1_2023.7/bin/../lib/gcc/arm-none-eabi/12.2.1/thumb/v8-m.main+fp/hard/crtbegin.o
 .ARM.attributes
                0x0000005e       0x24 e:/siliconlabs/new folder/developer/toolchains/gnu_arm/12.2.rel1_2023.7/bin/../lib/gcc/arm-none-eabi/12.2.1/thumb/v8-m.main+fp/hard/crt0.o
 .ARM.attributes
                0x00000082       0x3a ./main.o
 .ARM.attributes
                0x000000bc       0x3a ./gecko_sdk_4.4.3/platform/Device/SiliconLabs/EFR32MG24/Source/startup_efr32mg24.o
 .ARM.attributes
                0x000000f6       0x3a ./gecko_sdk_4.4.3/platform/Device/SiliconLabs/EFR32MG24/Source/system_efr32mg24.o
 .ARM.attributes
                0x00000130       0x3a ./gecko_sdk_4.4.3/platform/common/src/sl_assert.o
 .ARM.attributes
                0x0000016a       0x3a ./gecko_sdk_4.4.3/platform/common/src/sl_syscalls.o
 .ARM.attributes
                0x000001a4       0x3a ./gecko_sdk_4.4.3/platform/common/toolchain/src/sl_memory.o
 .ARM.attributes
                0x000001de       0x3a ./gecko_sdk_4.4.3/platform/emlib/src/em_cmu.o
 .ARM.attributes
                0x00000218       0x3a ./gecko_sdk_4.4.3/platform/emlib/src/em_core.o
 .ARM.attributes
                0x00000252       0x3a ./gecko_sdk_4.4.3/platform/emlib/src/em_emu.o
 .ARM.attributes
                0x0000028c       0x3a ./gecko_sdk_4.4.3/platform/emlib/src/em_gpio.o
 .ARM.attributes
                0x000002c6       0x3a ./gecko_sdk_4.4.3/platform/emlib/src/em_iadc.o
 .ARM.attributes
                0x00000300       0x3a ./gecko_sdk_4.4.3/platform/emlib/src/em_system.o
 .ARM.attributes
                0x0000033a       0x26 e:/siliconlabs/new folder/developer/toolchains/gnu_arm/12.2.rel1_2023.7/bin/../lib/gcc/arm-none-eabi/12.2.1/thumb/v8-m.main+fp/hard\libgcc.a(_arm_addsubdf3.o)
 .ARM.attributes
                0x00000360       0x26 e:/siliconlabs/new folder/developer/toolchains/gnu_arm/12.2.rel1_2023.7/bin/../lib/gcc/arm-none-eabi/12.2.1/thumb/v8-m.main+fp/hard\libgcc.a(_arm_muldivdf3.o)
 .ARM.attributes
                0x00000386       0x26 e:/siliconlabs/new folder/developer/toolchains/gnu_arm/12.2.rel1_2023.7/bin/../lib/gcc/arm-none-eabi/12.2.1/thumb/v8-m.main+fp/hard\libgcc.a(_arm_cmpdf2.o)
 .ARM.attributes
                0x000003ac       0x38 e:/siliconlabs/new folder/developer/toolchains/gnu_arm/12.2.rel1_2023.7/bin/../lib/gcc/arm-none-eabi/12.2.1/thumb/v8-m.main+fp/hard\libc_nano.a(libc_a-exit.o)
 .ARM.attributes
                0x000003e4       0x38 e:/siliconlabs/new folder/developer/toolchains/gnu_arm/12.2.rel1_2023.7/bin/../lib/gcc/arm-none-eabi/12.2.1/thumb/v8-m.main+fp/hard\libc_nano.a(libc_a-findfp.o)
 .ARM.attributes
                0x0000041c       0x38 e:/siliconlabs/new folder/developer/toolchains/gnu_arm/12.2.rel1_2023.7/bin/../lib/gcc/arm-none-eabi/12.2.1/thumb/v8-m.main+fp/hard\libc_nano.a(libc_a-memset.o)
 .ARM.attributes
                0x00000454       0x38 e:/siliconlabs/new folder/developer/toolchains/gnu_arm/12.2.rel1_2023.7/bin/../lib/gcc/arm-none-eabi/12.2.1/thumb/v8-m.main+fp/hard\libc_nano.a(libc_a-init.o)
 .ARM.attributes
                0x0000048c       0x38 e:/siliconlabs/new folder/developer/toolchains/gnu_arm/12.2.rel1_2023.7/bin/../lib/gcc/arm-none-eabi/12.2.1/thumb/v8-m.main+fp/hard/crtend.o
 .ARM.attributes
                0x000004c4       0x26 e:/siliconlabs/new folder/developer/toolchains/gnu_arm/12.2.rel1_2023.7/bin/../lib/gcc/arm-none-eabi/12.2.1/thumb/v8-m.main+fp/hard/crtn.o

.comment        0x00000000       0x45
 .comment       0x00000000       0x45 ./main.o
                                 0x46 (size before relaxing)
 .comment       0x00000045       0x46 ./gecko_sdk_4.4.3/platform/Device/SiliconLabs/EFR32MG24/Source/startup_efr32mg24.o
 .comment       0x00000045       0x46 ./gecko_sdk_4.4.3/platform/Device/SiliconLabs/EFR32MG24/Source/system_efr32mg24.o
 .comment       0x00000045       0x46 ./gecko_sdk_4.4.3/platform/common/src/sl_assert.o
 .comment       0x00000045       0x46 ./gecko_sdk_4.4.3/platform/common/src/sl_syscalls.o
 .comment       0x00000045       0x46 ./gecko_sdk_4.4.3/platform/common/toolchain/src/sl_memory.o
 .comment       0x00000045       0x46 ./gecko_sdk_4.4.3/platform/emlib/src/em_cmu.o
 .comment       0x00000045       0x46 ./gecko_sdk_4.4.3/platform/emlib/src/em_core.o
 .comment       0x00000045       0x46 ./gecko_sdk_4.4.3/platform/emlib/src/em_emu.o
 .comment       0x00000045       0x46 ./gecko_sdk_4.4.3/platform/emlib/src/em_gpio.o
 .comment       0x00000045       0x46 ./gecko_sdk_4.4.3/platform/emlib/src/em_iadc.o
 .comment       0x00000045       0x46 ./gecko_sdk_4.4.3/platform/emlib/src/em_system.o

.debug_line_str
                0x00000000      0x1b9
 .debug_line_str
                0x00000000       0xe7 e:/siliconlabs/new folder/developer/toolchains/gnu_arm/12.2.rel1_2023.7/bin/../lib/gcc/arm-none-eabi/12.2.1/thumb/v8-m.main+fp/hard/crt0.o
 .debug_line_str
                0x000000e7       0xd2 e:/siliconlabs/new folder/developer/toolchains/gnu_arm/12.2.rel1_2023.7/bin/../lib/gcc/arm-none-eabi/12.2.1/thumb/v8-m.main+fp/hard\libgcc.a(_arm_addsubdf3.o)
 .debug_line_str
                0x000001b9       0xd2 e:/siliconlabs/new folder/developer/toolchains/gnu_arm/12.2.rel1_2023.7/bin/../lib/gcc/arm-none-eabi/12.2.1/thumb/v8-m.main+fp/hard\libgcc.a(_arm_muldivdf3.o)
 .debug_line_str
                0x000001b9       0xd2 e:/siliconlabs/new folder/developer/toolchains/gnu_arm/12.2.rel1_2023.7/bin/../lib/gcc/arm-none-eabi/12.2.1/thumb/v8-m.main+fp/hard\libgcc.a(_arm_cmpdf2.o)

.debug_info     0x00000000    0x1e9f4
 .debug_info    0x00000000     0x3dbb ./main.o
 .debug_info    0x00003dbb      0x3a9 ./gecko_sdk_4.4.3/platform/Device/SiliconLabs/EFR32MG24/Source/startup_efr32mg24.o
 .debug_info    0x00004164     0x2478 ./gecko_sdk_4.4.3/platform/Device/SiliconLabs/EFR32MG24/Source/system_efr32mg24.o
 .debug_info    0x000065dc       0x86 ./gecko_sdk_4.4.3/platform/common/src/sl_assert.o
 .debug_info    0x00006662      0x306 ./gecko_sdk_4.4.3/platform/common/src/sl_syscalls.o
 .debug_info    0x00006968      0x205 ./gecko_sdk_4.4.3/platform/common/toolchain/src/sl_memory.o
 .debug_info    0x00006b6d     0xa8af ./gecko_sdk_4.4.3/platform/emlib/src/em_cmu.o
 .debug_info    0x0001141c     0x1416 ./gecko_sdk_4.4.3/platform/emlib/src/em_core.o
 .debug_info    0x00012832     0x5065 ./gecko_sdk_4.4.3/platform/emlib/src/em_emu.o
 .debug_info    0x00017897     0x2775 ./gecko_sdk_4.4.3/platform/emlib/src/em_gpio.o
 .debug_info    0x0001a00c     0x2b81 ./gecko_sdk_4.4.3/platform/emlib/src/em_iadc.o
 .debug_info    0x0001cb8d     0x1e67 ./gecko_sdk_4.4.3/platform/emlib/src/em_system.o

.debug_abbrev   0x00000000     0x234e
 .debug_abbrev  0x00000000      0x355 ./main.o
 .debug_abbrev  0x00000355      0x22e ./gecko_sdk_4.4.3/platform/Device/SiliconLabs/EFR32MG24/Source/startup_efr32mg24.o
 .debug_abbrev  0x00000583      0x34d ./gecko_sdk_4.4.3/platform/Device/SiliconLabs/EFR32MG24/Source/system_efr32mg24.o
 .debug_abbrev  0x000008d0       0x6c ./gecko_sdk_4.4.3/platform/common/src/sl_assert.o
 .debug_abbrev  0x0000093c      0x143 ./gecko_sdk_4.4.3/platform/common/src/sl_syscalls.o
 .debug_abbrev  0x00000a7f      0x11e ./gecko_sdk_4.4.3/platform/common/toolchain/src/sl_memory.o
 .debug_abbrev  0x00000b9d      0x5b2 ./gecko_sdk_4.4.3/platform/emlib/src/em_cmu.o
 .debug_abbrev  0x0000114f      0x32f ./gecko_sdk_4.4.3/platform/emlib/src/em_core.o
 .debug_abbrev  0x0000147e      0x4d0 ./gecko_sdk_4.4.3/platform/emlib/src/em_emu.o
 .debug_abbrev  0x0000194e      0x32f ./gecko_sdk_4.4.3/platform/emlib/src/em_gpio.o
 .debug_abbrev  0x00001c7d      0x43a ./gecko_sdk_4.4.3/platform/emlib/src/em_iadc.o
 .debug_abbrev  0x000020b7      0x297 ./gecko_sdk_4.4.3/platform/emlib/src/em_system.o

.debug_loc      0x00000000     0x86ce
 .debug_loc     0x00000000      0x22b ./main.o
 .debug_loc     0x0000022b       0x8e ./gecko_sdk_4.4.3/platform/Device/SiliconLabs/EFR32MG24/Source/startup_efr32mg24.o
 .debug_loc     0x000002b9      0x2c0 ./gecko_sdk_4.4.3/platform/Device/SiliconLabs/EFR32MG24/Source/system_efr32mg24.o
 .debug_loc     0x00000579       0x2a ./gecko_sdk_4.4.3/platform/common/src/sl_assert.o
 .debug_loc     0x000005a3      0x118 ./gecko_sdk_4.4.3/platform/common/src/sl_syscalls.o
 .debug_loc     0x000006bb       0xa9 ./gecko_sdk_4.4.3/platform/common/toolchain/src/sl_memory.o
 .debug_loc     0x00000764     0x4b25 ./gecko_sdk_4.4.3/platform/emlib/src/em_cmu.o
 .debug_loc     0x00005289      0x9a9 ./gecko_sdk_4.4.3/platform/emlib/src/em_core.o
 .debug_loc     0x00005c32      0x95e ./gecko_sdk_4.4.3/platform/emlib/src/em_emu.o
 .debug_loc     0x00006590      0x93d ./gecko_sdk_4.4.3/platform/emlib/src/em_gpio.o
 .debug_loc     0x00006ecd     0x16a1 ./gecko_sdk_4.4.3/platform/emlib/src/em_iadc.o
 .debug_loc     0x0000856e      0x160 ./gecko_sdk_4.4.3/platform/emlib/src/em_system.o

.debug_aranges  0x00000000      0x760
 .debug_aranges
                0x00000000       0x40 ./main.o
 .debug_aranges
                0x00000040       0x30 ./gecko_sdk_4.4.3/platform/Device/SiliconLabs/EFR32MG24/Source/startup_efr32mg24.o
 .debug_aranges
                0x00000070       0x98 ./gecko_sdk_4.4.3/platform/Device/SiliconLabs/EFR32MG24/Source/system_efr32mg24.o
 .debug_aranges
                0x00000108       0x20 ./gecko_sdk_4.4.3/platform/common/src/sl_assert.o
 .debug_aranges
                0x00000128       0x68 ./gecko_sdk_4.4.3/platform/common/src/sl_syscalls.o
 .debug_aranges
                0x00000190       0x30 ./gecko_sdk_4.4.3/platform/common/toolchain/src/sl_memory.o
 .debug_aranges
                0x000001c0      0x200 ./gecko_sdk_4.4.3/platform/emlib/src/em_cmu.o
 .debug_aranges
                0x000003c0       0xe8 ./gecko_sdk_4.4.3/platform/emlib/src/em_core.o
 .debug_aranges
                0x000004a8      0x138 ./gecko_sdk_4.4.3/platform/emlib/src/em_emu.o
 .debug_aranges
                0x000005e0       0x68 ./gecko_sdk_4.4.3/platform/emlib/src/em_gpio.o
 .debug_aranges
                0x00000648       0xa0 ./gecko_sdk_4.4.3/platform/emlib/src/em_iadc.o
 .debug_aranges
                0x000006e8       0x78 ./gecko_sdk_4.4.3/platform/emlib/src/em_system.o

.debug_ranges   0x00000000      0xd50
 .debug_ranges  0x00000000       0xc8 ./main.o
 .debug_ranges  0x000000c8       0x88 ./gecko_sdk_4.4.3/platform/Device/SiliconLabs/EFR32MG24/Source/startup_efr32mg24.o
 .debug_ranges  0x00000150       0xa0 ./gecko_sdk_4.4.3/platform/Device/SiliconLabs/EFR32MG24/Source/system_efr32mg24.o
 .debug_ranges  0x000001f0       0x10 ./gecko_sdk_4.4.3/platform/common/src/sl_assert.o
 .debug_ranges  0x00000200       0x58 ./gecko_sdk_4.4.3/platform/common/src/sl_syscalls.o
 .debug_ranges  0x00000258       0x20 ./gecko_sdk_4.4.3/platform/common/toolchain/src/sl_memory.o
 .debug_ranges  0x00000278      0x3e0 ./gecko_sdk_4.4.3/platform/emlib/src/em_cmu.o
 .debug_ranges  0x00000658      0x1a0 ./gecko_sdk_4.4.3/platform/emlib/src/em_core.o
 .debug_ranges  0x000007f8      0x2d0 ./gecko_sdk_4.4.3/platform/emlib/src/em_emu.o
 .debug_ranges  0x00000ac8       0x70 ./gecko_sdk_4.4.3/platform/emlib/src/em_gpio.o
 .debug_ranges  0x00000b38      0x198 ./gecko_sdk_4.4.3/platform/emlib/src/em_iadc.o
 .debug_ranges  0x00000cd0       0x80 ./gecko_sdk_4.4.3/platform/emlib/src/em_system.o

.debug_line     0x00000000     0x7b95
 .debug_line    0x00000000      0x5fa ./main.o
 .debug_line    0x000005fa      0x2da ./gecko_sdk_4.4.3/platform/Device/SiliconLabs/EFR32MG24/Source/startup_efr32mg24.o
 .debug_line    0x000008d4      0x5d1 ./gecko_sdk_4.4.3/platform/Device/SiliconLabs/EFR32MG24/Source/system_efr32mg24.o
 .debug_line    0x00000ea5       0x91 ./gecko_sdk_4.4.3/platform/common/src/sl_assert.o
 .debug_line    0x00000f36      0x191 ./gecko_sdk_4.4.3/platform/common/src/sl_syscalls.o
 .debug_line    0x000010c7      0x2af ./gecko_sdk_4.4.3/platform/common/toolchain/src/sl_memory.o
 .debug_line    0x00001376     0x322c ./gecko_sdk_4.4.3/platform/emlib/src/em_cmu.o
 .debug_line    0x000045a2      0xa13 ./gecko_sdk_4.4.3/platform/emlib/src/em_core.o
 .debug_line    0x00004fb5      0xed0 ./gecko_sdk_4.4.3/platform/emlib/src/em_emu.o
 .debug_line    0x00005e85      0x651 ./gecko_sdk_4.4.3/platform/emlib/src/em_gpio.o
 .debug_line    0x000064d6     0x125f ./gecko_sdk_4.4.3/platform/emlib/src/em_iadc.o
 .debug_line    0x00007735      0x460 ./gecko_sdk_4.4.3/platform/emlib/src/em_system.o

.debug_str      0x00000000     0xa4a9
 .debug_str     0x00000000     0x3dec ./main.o
                               0x4082 (size before relaxing)
 .debug_str     0x00003dec      0x1b5 ./gecko_sdk_4.4.3/platform/Device/SiliconLabs/EFR32MG24/Source/startup_efr32mg24.o
                                0x372 (size before relaxing)
 .debug_str     0x00003fa1      0xd9d ./gecko_sdk_4.4.3/platform/Device/SiliconLabs/EFR32MG24/Source/system_efr32mg24.o
                               0x1764 (size before relaxing)
 .debug_str     0x00004d3e       0x49 ./gecko_sdk_4.4.3/platform/common/src/sl_assert.o
                                0x176 (size before relaxing)
 .debug_str     0x00004d87       0x9e ./gecko_sdk_4.4.3/platform/common/src/sl_syscalls.o
                                0x256 (size before relaxing)
 .debug_str     0x00004e25       0xea ./gecko_sdk_4.4.3/platform/common/toolchain/src/sl_memory.o
                                0x2b0 (size before relaxing)
 .debug_str     0x00004f0f     0x3e95 ./gecko_sdk_4.4.3/platform/emlib/src/em_cmu.o
                               0x6550 (size before relaxing)
 .debug_str     0x00008da4      0x329 ./gecko_sdk_4.4.3/platform/emlib/src/em_core.o
                                0xb20 (size before relaxing)
 .debug_str     0x000090cd      0xca1 ./gecko_sdk_4.4.3/platform/emlib/src/em_emu.o
                               0x2dbe (size before relaxing)
 .debug_str     0x00009d6e      0x10a ./gecko_sdk_4.4.3/platform/emlib/src/em_gpio.o
                               0x16a6 (size before relaxing)
 .debug_str     0x00009e78      0x34e ./gecko_sdk_4.4.3/platform/emlib/src/em_iadc.o
                               0x2695 (size before relaxing)
 .debug_str     0x0000a1c6      0x2e3 ./gecko_sdk_4.4.3/platform/emlib/src/em_system.o
                               0x154a (size before relaxing)

.debug_frame    0x00000000     0x16d0
 .debug_frame   0x00000000       0xb0 ./main.o
 .debug_frame   0x000000b0       0x48 ./gecko_sdk_4.4.3/platform/Device/SiliconLabs/EFR32MG24/Source/startup_efr32mg24.o
 .debug_frame   0x000000f8      0x128 ./gecko_sdk_4.4.3/platform/Device/SiliconLabs/EFR32MG24/Source/system_efr32mg24.o
 .debug_frame   0x00000220       0x20 ./gecko_sdk_4.4.3/platform/common/src/sl_assert.o
 .debug_frame   0x00000240       0xb0 ./gecko_sdk_4.4.3/platform/common/src/sl_syscalls.o
 .debug_frame   0x000002f0       0x40 ./gecko_sdk_4.4.3/platform/common/toolchain/src/sl_memory.o
 .debug_frame   0x00000330      0x66c ./gecko_sdk_4.4.3/platform/emlib/src/em_cmu.o
 .debug_frame   0x0000099c      0x250 ./gecko_sdk_4.4.3/platform/emlib/src/em_core.o
 .debug_frame   0x00000bec      0x30c ./gecko_sdk_4.4.3/platform/emlib/src/em_emu.o
 .debug_frame   0x00000ef8      0x168 ./gecko_sdk_4.4.3/platform/emlib/src/em_gpio.o
 .debug_frame   0x00001060      0x220 ./gecko_sdk_4.4.3/platform/emlib/src/em_iadc.o
 .debug_frame   0x00001280       0xd8 ./gecko_sdk_4.4.3/platform/emlib/src/em_system.o
 .debug_frame   0x00001358       0xac e:/siliconlabs/new folder/developer/toolchains/gnu_arm/12.2.rel1_2023.7/bin/../lib/gcc/arm-none-eabi/12.2.1/thumb/v8-m.main+fp/hard\libgcc.a(_arm_addsubdf3.o)
 .debug_frame   0x00001404       0x50 e:/siliconlabs/new folder/developer/toolchains/gnu_arm/12.2.rel1_2023.7/bin/../lib/gcc/arm-none-eabi/12.2.1/thumb/v8-m.main+fp/hard\libgcc.a(_arm_muldivdf3.o)
 .debug_frame   0x00001454       0xc4 e:/siliconlabs/new folder/developer/toolchains/gnu_arm/12.2.rel1_2023.7/bin/../lib/gcc/arm-none-eabi/12.2.1/thumb/v8-m.main+fp/hard\libgcc.a(_arm_cmpdf2.o)
 .debug_frame   0x00001518       0x28 e:/siliconlabs/new folder/developer/toolchains/gnu_arm/12.2.rel1_2023.7/bin/../lib/gcc/arm-none-eabi/12.2.1/thumb/v8-m.main+fp/hard\libc_nano.a(libc_a-exit.o)
 .debug_frame   0x00001540      0x144 e:/siliconlabs/new folder/developer/toolchains/gnu_arm/12.2.rel1_2023.7/bin/../lib/gcc/arm-none-eabi/12.2.1/thumb/v8-m.main+fp/hard\libc_nano.a(libc_a-findfp.o)
 .debug_frame   0x00001684       0x20 e:/siliconlabs/new folder/developer/toolchains/gnu_arm/12.2.rel1_2023.7/bin/../lib/gcc/arm-none-eabi/12.2.1/thumb/v8-m.main+fp/hard\libc_nano.a(libc_a-memset.o)
 .debug_frame   0x000016a4       0x2c e:/siliconlabs/new folder/developer/toolchains/gnu_arm/12.2.rel1_2023.7/bin/../lib/gcc/arm-none-eabi/12.2.1/thumb/v8-m.main+fp/hard\libc_nano.a(libc_a-init.o)
